0 verbose cli /usr/local/bin/node /usr/local/bin/npm
1 info using npm@10.9.2
2 info using node@v22.14.0
3 silly config load:file:/usr/local/lib/node_modules/npm/npmrc
4 silly config load:file:/Users/franccescobuscicchio/Desktop/rituali-creativi-nuxt/.npmrc
5 silly config load:file:/Users/franccescobuscicchio/.npmrc
6 silly config load:file:/usr/local/etc/npmrc
7 verbose title npm install @iconify-json/lucide
8 verbose argv "install" "--save-dev" "@iconify-json/lucide"
9 verbose logfile logs-max:10 dir:/Users/franccescobuscicchio/Desktop/rituali-creativi-nuxt/.npm-cache/_logs/2026-05-09T10_09_02_625Z-
10 verbose logfile /Users/franccescobuscicchio/Desktop/rituali-creativi-nuxt/.npm-cache/_logs/2026-05-09T10_09_02_625Z-debug-0.log
11 silly logfile done cleaning log files
12 silly packumentCache heap:4345298944 maxSize:1086324736 maxEntrySize:543162368
13 silly idealTree buildDeps
14 silly fetch manifest @iconify-json/lucide@*
15 silly packumentCache full:https://registry.npmjs.org/@iconify-json%2flucide cache-miss
16 verbose shrinkwrap failed to load node_modules/.package-lock.json out of date, updated: node_modules
17 http fetch GET 200 https://registry.npmjs.org/@iconify-json%2flucide 821ms (cache miss)
18 silly packumentCache full:https://registry.npmjs.org/@iconify-json%2flucide set size:undefined disposed:false
19 silly placeDep ROOT @iconify-json/lucide@1.2.106 OK for:  want: *
20 silly fetch manifest commander@^13.1.0
21 silly packumentCache full:https://registry.npmjs.org/commander cache-miss
22 http fetch GET 200 https://registry.npmjs.org/commander 47ms (cache revalidated)
23 silly packumentCache full:https://registry.npmjs.org/commander set size:306301 disposed:false
24 silly placeDep ROOT commander@13.1.0 REPLACE for: @bomb.sh/tab@0.0.14 want: ^13.1.0
25 silly fetch manifest commander@^11.1.0
26 silly packumentCache full:https://registry.npmjs.org/commander cache-hit
27 silly placeDep node_modules/svgo commander@11.1.0 OK for: svgo@4.0.1 want: ^11.1.0
28 silly reify mark retired [
28 silly reify   '/Users/franccescobuscicchio/Desktop/rituali-creativi-nuxt/node_modules/commander'
28 silly reify ]
29 silly reify moves {
29 silly reify   '/Users/franccescobuscicchio/Desktop/rituali-creativi-nuxt/node_modules/commander': '/Users/franccescobuscicchio/Desktop/rituali-creativi-nuxt/node_modules/.commander-nS1Q7HND'
29 silly reify }
30 silly audit bulk request {
30 silly audit   '@alloc/quick-lru': [ '5.2.0' ],
30 silly audit   '@antfu/install-pkg': [ '1.1.0' ],
30 silly audit   '@antfu/utils': [ '8.1.1' ],
30 silly audit   '@babel/code-frame': [ '7.29.0' ],
30 silly audit   '@babel/compat-data': [ '7.29.3' ],
30 silly audit   '@babel/core': [ '7.29.0' ],
30 silly audit   semver: [ '6.3.1', '7.8.0' ],
30 silly audit   '@babel/generator': [ '7.29.1' ],
30 silly audit   '@babel/helper-annotate-as-pure': [ '7.27.3' ],
30 silly audit   '@babel/helper-compilation-targets': [ '7.28.6' ],
30 silly audit   '@babel/helper-create-class-features-plugin': [ '7.29.3' ],
30 silly audit   '@babel/helper-globals': [ '7.28.0' ],
30 silly audit   '@babel/helper-member-expression-to-functions': [ '7.28.5' ],
30 silly audit   '@babel/helper-module-imports': [ '7.28.6' ],
30 silly audit   '@babel/helper-module-transforms': [ '7.28.6' ],
30 silly audit   '@babel/helper-optimise-call-expression': [ '7.27.1' ],
30 silly audit   '@babel/helper-plugin-utils': [ '7.28.6' ],
30 silly audit   '@babel/helper-replace-supers': [ '7.28.6' ],
30 silly audit   '@babel/helper-skip-transparent-expression-wrappers': [ '7.27.1' ],
30 silly audit   '@babel/helper-string-parser': [ '7.27.1' ],
30 silly audit   '@babel/helper-validator-identifier': [ '7.28.5' ],
30 silly audit   '@babel/helper-validator-option': [ '7.27.1' ],
30 silly audit   '@babel/helpers': [ '7.29.2' ],
30 silly audit   '@babel/parser': [ '7.29.3' ],
30 silly audit   '@babel/plugin-syntax-jsx': [ '7.28.6' ],
30 silly audit   '@babel/plugin-syntax-typescript': [ '7.28.6' ],
30 silly audit   '@babel/plugin-transform-typescript': [ '7.28.6' ],
30 silly audit   '@babel/template': [ '7.28.6' ],
30 silly audit   '@babel/traverse': [ '7.29.0' ],
30 silly audit   '@babel/types': [ '7.29.0' ],
30 silly audit   '@bomb.sh/tab': [ '0.0.14' ],
30 silly audit   '@capsizecss/metrics': [ '3.7.0' ],
30 silly audit   '@capsizecss/unpack': [ '2.4.0' ],
30 silly audit   '@clack/core': [ '1.3.0' ],
30 silly audit   '@clack/prompts': [ '1.3.0' ],
30 silly audit   '@cloudflare/kv-asset-handler': [ '0.4.2' ],
30 silly audit   '@colordx/core': [ '5.4.3' ],
30 silly audit   '@csstools/selector-resolve-nested': [ '3.1.0' ],
30 silly audit   '@csstools/selector-specificity': [ '5.0.0' ],
30 silly audit   '@dxup/nuxt': [ '0.4.1' ],
30 silly audit   '@nuxt/kit': [ '4.4.4', '3.21.4' ],
30 silly audit   '@dxup/unimport': [ '0.1.2' ],
30 silly audit   '@emnapi/core': [ '1.10.0' ],
30 silly audit   '@emnapi/runtime': [ '1.10.0' ],
30 silly audit   '@emnapi/wasi-threads': [ '1.2.1' ],
30 silly audit   '@esbuild/aix-ppc64': [ '0.25.12', '0.28.0', '0.27.7' ],
30 silly audit   '@esbuild/android-arm': [ '0.25.12', '0.28.0', '0.27.7' ],
30 silly audit   '@esbuild/android-arm64': [ '0.25.12', '0.28.0', '0.27.7' ],
30 silly audit   '@esbuild/android-x64': [ '0.25.12', '0.28.0', '0.27.7' ],
30 silly audit   '@esbuild/darwin-arm64': [ '0.25.12', '0.28.0', '0.27.7' ],
30 silly audit   '@esbuild/darwin-x64': [ '0.25.12', '0.28.0', '0.27.7' ],
30 silly audit   '@esbuild/freebsd-arm64': [ '0.25.12', '0.28.0', '0.27.7' ],
30 silly audit   '@esbuild/freebsd-x64': [ '0.25.12', '0.28.0', '0.27.7' ],
30 silly audit   '@esbuild/linux-arm': [ '0.25.12', '0.28.0', '0.27.7' ],
30 silly audit   '@esbuild/linux-arm64': [ '0.25.12', '0.28.0', '0.27.7' ],
30 silly audit   '@esbuild/linux-ia32': [ '0.25.12', '0.28.0', '0.27.7' ],
30 silly audit   '@esbuild/linux-loong64': [ '0.25.12', '0.28.0', '0.27.7' ],
30 silly audit   '@esbuild/linux-mips64el': [ '0.25.12', '0.28.0', '0.27.7' ],
30 silly audit   '@esbuild/linux-ppc64': [ '0.25.12', '0.28.0', '0.27.7' ],
30 silly audit   '@esbuild/linux-riscv64': [ '0.25.12', '0.28.0', '0.27.7' ],
30 silly audit   '@esbuild/linux-s390x': [ '0.25.12', '0.28.0', '0.27.7' ],
30 silly audit   '@esbuild/linux-x64': [ '0.25.12', '0.28.0', '0.27.7' ],
30 silly audit   '@esbuild/netbsd-arm64': [ '0.25.12', '0.28.0', '0.27.7' ],
30 silly audit   '@esbuild/netbsd-x64': [ '0.25.12', '0.28.0', '0.27.7' ],
30 silly audit   '@esbuild/openbsd-arm64': [ '0.25.12', '0.28.0', '0.27.7' ],
30 silly audit   '@esbuild/openbsd-x64': [ '0.25.12', '0.28.0', '0.27.7' ],
30 silly audit   '@esbuild/openharmony-arm64': [ '0.25.12', '0.28.0', '0.27.7' ],
30 silly audit   '@esbuild/sunos-x64': [ '0.25.12', '0.28.0', '0.27.7' ],
30 silly audit   '@esbuild/win32-arm64': [ '0.25.12', '0.28.0', '0.27.7' ],
30 silly audit   '@esbuild/win32-ia32': [ '0.25.12', '0.28.0', '0.27.7' ],
30 silly audit   '@esbuild/win32-x64': [ '0.25.12', '0.28.0', '0.27.7' ],
30 silly audit   '@iconify/collections': [ '1.0.681' ],
30 silly audit   '@iconify/types': [ '2.0.0' ],
30 silly audit   '@iconify/utils': [ '2.3.0' ],
30 silly audit   '@iconify/vue': [ '5.0.1' ],
30 silly audit   '@ioredis/commands': [ '1.5.1' ],
30 silly audit   '@isaacs/cliui': [ '8.0.2' ],
30 silly audit   'ansi-styles': [ '6.2.3', '4.3.0' ],
30 silly audit   'emoji-regex': [ '9.2.2', '10.6.0', '8.0.0' ],
30 silly audit   'string-width': [ '5.1.2', '4.2.3', '7.2.0' ],
30 silly audit   'wrap-ansi': [ '8.1.0', '7.0.0', '9.0.2' ],
30 silly audit   '@isaacs/fs-minipass': [ '4.0.1' ],
30 silly audit   '@jridgewell/gen-mapping': [ '0.3.13' ],
30 silly audit   '@jridgewell/remapping': [ '2.3.5' ],
30 silly audit   '@jridgewell/resolve-uri': [ '3.1.2' ],
30 silly audit   '@jridgewell/source-map': [ '0.3.11' ],
30 silly audit   '@jridgewell/sourcemap-codec': [ '1.5.5' ],
30 silly audit   '@jridgewell/trace-mapping': [ '0.3.31' ],
30 silly audit   '@koa/router': [ '12.0.2' ],
30 silly audit   '@kwsites/file-exists': [ '1.1.1' ],
30 silly audit   '@kwsites/promise-deferred': [ '1.1.1' ],
30 silly audit   '@mapbox/node-pre-gyp': [ '2.0.3' ],
30 silly audit   '@napi-rs/wasm-runtime': [ '1.1.4' ],
30 silly audit   '@nodelib/fs.scandir': [ '2.1.5' ],
30 silly audit   '@nodelib/fs.stat': [ '2.0.5' ],
30 silly audit   '@nodelib/fs.walk': [ '1.2.8' ],
30 silly audit   '@nuxt/cli': [ '3.35.1' ],
30 silly audit   'std-env': [ '4.1.0', '3.10.0' ],
30 silly audit   '@nuxt/devalue': [ '2.0.2' ],
30 silly audit   '@nuxt/devtools': [ '3.2.4' ],
30 silly audit   '@nuxt/devtools-kit': [ '2.7.0', '3.2.4' ],
30 silly audit   '@nuxt/devtools-wizard': [ '3.2.4' ],
30 silly audit   hookable: [ '6.1.1', '5.5.3' ],
30 silly audit   isexe: [ '4.0.0', '2.0.0' ],
30 silly audit   which: [ '6.0.1', '2.0.2' ],
30 silly audit   '@nuxt/fonts': [ '0.11.4' ],
30 silly audit   '@nuxt/icon': [ '1.15.0' ],
30 silly audit   '@nuxt/nitro-server': [ '3.21.4' ],
30 silly audit   '@nuxt/schema': [ '4.4.4', '3.21.4' ],
30 silly audit   '@nuxt/telemetry': [ '2.8.0' ],
30 silly audit   ofetch: [ '2.0.0-alpha.3', '1.5.1' ],
30 silly audit   '@nuxt/vite-builder': [ '3.21.4' ],
30 silly audit   '@nuxtjs/tailwindcss': [ '6.14.0' ],
30 silly audit   '@oxc-minify/binding-android-arm-eabi': [ '0.128.0' ],
30 silly audit   '@oxc-minify/binding-android-arm64': [ '0.128.0' ],
30 silly audit   '@oxc-minify/binding-darwin-arm64': [ '0.128.0' ],
30 silly audit   '@oxc-minify/binding-darwin-x64': [ '0.128.0' ],
30 silly audit   '@oxc-minify/binding-freebsd-x64': [ '0.128.0' ],
30 silly audit   '@oxc-minify/binding-linux-arm-gnueabihf': [ '0.128.0' ],
30 silly audit   '@oxc-minify/binding-linux-arm-musleabihf': [ '0.128.0' ],
30 silly audit   '@oxc-minify/binding-linux-arm64-gnu': [ '0.128.0' ],
30 silly audit   '@oxc-minify/binding-linux-arm64-musl': [ '0.128.0' ],
30 silly audit   '@oxc-minify/binding-linux-ppc64-gnu': [ '0.128.0' ],
30 silly audit   '@oxc-minify/binding-linux-riscv64-gnu': [ '0.128.0' ],
30 silly audit   '@oxc-minify/binding-linux-riscv64-musl': [ '0.128.0' ],
30 silly audit   '@oxc-minify/binding-linux-s390x-gnu': [ '0.128.0' ],
30 silly audit   '@oxc-minify/binding-linux-x64-gnu': [ '0.128.0' ],
30 silly audit   '@oxc-minify/binding-linux-x64-musl': [ '0.128.0' ],
30 silly audit   '@oxc-minify/binding-openharmony-arm64': [ '0.128.0' ],
30 silly audit   '@oxc-minify/binding-wasm32-wasi': [ '0.128.0' ],
30 silly audit   '@oxc-minify/binding-win32-arm64-msvc': [ '0.128.0' ],
30 silly audit   '@oxc-minify/binding-win32-ia32-msvc': [ '0.128.0' ],
30 silly audit   '@oxc-minify/binding-win32-x64-msvc': [ '0.128.0' ],
30 silly audit   '@oxc-parser/binding-android-arm-eabi': [ '0.128.0' ],
30 silly audit   '@oxc-parser/binding-android-arm64': [ '0.128.0' ],
30 silly audit   '@oxc-parser/binding-darwin-arm64': [ '0.128.0' ],
30 silly audit   '@oxc-parser/binding-darwin-x64': [ '0.128.0' ],
30 silly audit   '@oxc-parser/binding-freebsd-x64': [ '0.128.0' ],
30 silly audit   '@oxc-parser/binding-linux-arm-gnueabihf': [ '0.128.0' ],
30 silly audit   '@oxc-parser/binding-linux-arm-musleabihf': [ '0.128.0' ],
30 silly audit   '@oxc-parser/binding-linux-arm64-gnu': [ '0.128.0' ],
30 silly audit   '@oxc-parser/binding-linux-arm64-musl': [ '0.128.0' ],
30 silly audit   '@oxc-parser/binding-linux-ppc64-gnu': [ '0.128.0' ],
30 silly audit   '@oxc-parser/binding-linux-riscv64-gnu': [ '0.128.0' ],
30 silly audit   '@oxc-parser/binding-linux-riscv64-musl': [ '0.128.0' ],
30 silly audit   '@oxc-parser/binding-linux-s390x-gnu': [ '0.128.0' ],
30 silly audit   '@oxc-parser/binding-linux-x64-gnu': [ '0.128.0' ],
30 silly audit   '@oxc-parser/binding-linux-x64-musl': [ '0.128.0' ],
30 silly audit   '@oxc-parser/binding-openharmony-arm64': [ '0.128.0' ],
30 silly audit   '@oxc-parser/binding-wasm32-wasi': [ '0.128.0' ],
30 silly audit   '@oxc-parser/binding-win32-arm64-msvc': [ '0.128.0' ],
30 silly audit   '@oxc-parser/binding-win32-ia32-msvc': [ '0.128.0' ],
30 silly audit   '@oxc-parser/binding-win32-x64-msvc': [ '0.128.0' ],
30 silly audit   '@oxc-project/types': [ '0.128.0' ],
30 silly audit   '@oxc-transform/binding-android-arm-eabi': [ '0.128.0' ],
30 silly audit   '@oxc-transform/binding-android-arm64': [ '0.128.0' ],
30 silly audit   '@oxc-transform/binding-darwin-arm64': [ '0.128.0' ],
30 silly audit   '@oxc-transform/binding-darwin-x64': [ '0.128.0' ],
30 silly audit   '@oxc-transform/binding-freebsd-x64': [ '0.128.0' ],
30 silly audit   '@oxc-transform/binding-linux-arm-gnueabihf': [ '0.128.0' ],
30 silly audit   '@oxc-transform/binding-linux-arm-musleabihf': [ '0.128.0' ],
30 silly audit   '@oxc-transform/binding-linux-arm64-gnu': [ '0.128.0' ],
30 silly audit   '@oxc-transform/binding-linux-arm64-musl': [ '0.128.0' ],
30 silly audit   '@oxc-transform/binding-linux-ppc64-gnu': [ '0.128.0' ],
30 silly audit   '@oxc-transform/binding-linux-riscv64-gnu': [ '0.128.0' ],
30 silly audit   '@oxc-transform/binding-linux-riscv64-musl': [ '0.128.0' ],
30 silly audit   '@oxc-transform/binding-linux-s390x-gnu': [ '0.128.0' ],
30 silly audit   '@oxc-transform/binding-linux-x64-gnu': [ '0.128.0' ],
30 silly audit   '@oxc-transform/binding-linux-x64-musl': [ '0.128.0' ],
30 silly audit   '@oxc-transform/binding-openharmony-arm64': [ '0.128.0' ],
30 silly audit   '@oxc-transform/binding-wasm32-wasi': [ '0.128.0' ],
30 silly audit   '@oxc-transform/binding-win32-arm64-msvc': [ '0.128.0' ],
30 silly audit   '@oxc-transform/binding-win32-ia32-msvc': [ '0.128.0' ],
30 silly audit   '@oxc-transform/binding-win32-x64-msvc': [ '0.128.0' ],
30 silly audit   '@parcel/watcher': [ '2.5.6' ],
30 silly audit   '@parcel/watcher-android-arm64': [ '2.5.6' ],
30 silly audit   '@parcel/watcher-darwin-arm64': [ '2.5.6' ],
30 silly audit   '@parcel/watcher-darwin-x64': [ '2.5.6' ],
30 silly audit   '@parcel/watcher-freebsd-x64': [ '2.5.6' ],
30 silly audit   '@parcel/watcher-linux-arm-glibc': [ '2.5.6' ],
30 silly audit   '@parcel/watcher-linux-arm-musl': [ '2.5.6' ],
30 silly audit   '@parcel/watcher-linux-arm64-glibc': [ '2.5.6' ],
30 silly audit   '@parcel/watcher-linux-arm64-musl': [ '2.5.6' ],
30 silly audit   '@parcel/watcher-linux-x64-glibc': [ '2.5.6' ],
30 silly audit   '@parcel/watcher-linux-x64-musl': [ '2.5.6' ],
30 silly audit   '@parcel/watcher-wasm': [ '2.5.6' ],
30 silly audit   '@parcel/watcher-win32-arm64': [ '2.5.6' ],
30 silly audit   '@parcel/watcher-win32-ia32': [ '2.5.6' ],
30 silly audit   '@parcel/watcher-win32-x64': [ '2.5.6' ],
30 silly audit   '@pkgjs/parseargs': [ '0.11.0' ],
30 silly audit   '@polka/url': [ '1.0.0-next.29' ],
30 silly audit   '@poppinss/colors': [ '4.1.6' ],
30 silly audit   '@poppinss/dumper': [ '0.7.0' ],
30 silly audit   'supports-color': [ '10.2.2', '7.2.0' ],
30 silly audit   '@poppinss/exception': [ '1.2.3' ],
30 silly audit   '@rolldown/pluginutils': [ '1.0.0-rc.13' ],
30 silly audit   '@rollup/plugin-alias': [ '6.0.0' ],
30 silly audit   '@rollup/plugin-commonjs': [ '29.0.2' ],
30 silly audit   'estree-walker': [ '2.0.2', '3.0.3' ],
30 silly audit   '@rollup/plugin-inject': [ '5.0.5' ],
30 silly audit   '@rollup/plugin-json': [ '6.1.0' ],
30 silly audit   '@rollup/plugin-node-resolve': [ '16.0.3' ],
30 silly audit   '@rollup/plugin-replace': [ '6.0.3' ],
30 silly audit   '@rollup/plugin-terser': [ '1.0.0' ],
30 silly audit   '@rollup/pluginutils': [ '5.3.0' ],
30 silly audit   '@rollup/rollup-android-arm-eabi': [ '4.60.3' ],
30 silly audit   '@rollup/rollup-android-arm64': [ '4.60.3' ],
30 silly audit   '@rollup/rollup-darwin-arm64': [ '4.60.3' ],
30 silly audit   '@rollup/rollup-darwin-x64': [ '4.60.3' ],
30 silly audit   '@rollup/rollup-freebsd-arm64': [ '4.60.3' ],
30 silly audit   '@rollup/rollup-freebsd-x64': [ '4.60.3' ],
30 silly audit   '@rollup/rollup-linux-arm-gnueabihf': [ '4.60.3' ],
30 silly audit   '@rollup/rollup-linux-arm-musleabihf': [ '4.60.3' ],
30 silly audit   '@rollup/rollup-linux-arm64-gnu': [ '4.60.3' ],
30 silly audit   '@rollup/rollup-linux-arm64-musl': [ '4.60.3' ],
30 silly audit   '@rollup/rollup-linux-loong64-gnu': [ '4.60.3' ],
30 silly audit   '@rollup/rollup-linux-loong64-musl': [ '4.60.3' ],
30 silly audit   '@rollup/rollup-linux-ppc64-gnu': [ '4.60.3' ],
30 silly audit   '@rollup/rollup-linux-ppc64-musl': [ '4.60.3' ],
30 silly audit   '@rollup/rollup-linux-riscv64-gnu': [ '4.60.3' ],
30 silly audit   '@rollup/rollup-linux-riscv64-musl': [ '4.60.3' ],
30 silly audit   '@rollup/rollup-linux-s390x-gnu': [ '4.60.3' ],
30 silly audit   '@rollup/rollup-linux-x64-gnu': [ '4.60.3' ],
30 silly audit   '@rollup/rollup-linux-x64-musl': [ '4.60.3' ],
30 silly audit   '@rollup/rollup-openbsd-x64': [ '4.60.3' ],
30 silly audit   '@rollup/rollup-openharmony-arm64': [ '4.60.3' ],
30 silly audit   '@rollup/rollup-win32-arm64-msvc': [ '4.60.3' ],
30 silly audit   '@rollup/rollup-win32-ia32-msvc': [ '4.60.3' ],
30 silly audit   '@rollup/rollup-win32-x64-gnu': [ '4.60.3' ],
30 silly audit   '@rollup/rollup-win32-x64-msvc': [ '4.60.3' ],
30 silly audit   '@simple-git/args-pathspec': [ '1.0.3' ],
30 silly audit   '@simple-git/argv-parser': [ '1.1.1' ],
30 silly audit   '@sindresorhus/is': [ '7.2.0' ],
30 silly audit   '@sindresorhus/merge-streams': [ '4.0.0' ],
30 silly audit   '@speed-highlight/core': [ '1.2.15' ],
30 silly audit   '@swc/helpers': [ '0.5.21' ],
30 silly audit   '@tybys/wasm-util': [ '0.10.2' ],
30 silly audit   '@types/estree': [ '1.0.9', '1.0.8' ],
30 silly audit   '@types/resolve': [ '1.20.2' ],
30 silly audit   '@unhead/vue': [ '2.1.15' ],
30 silly audit   '@vercel/nft': [ '1.5.0' ],
30 silly audit   '@vitejs/plugin-vue': [ '6.0.6' ],
30 silly audit   '@vitejs/plugin-vue-jsx': [ '5.1.5' ],
30 silly audit   '@volar/language-core': [ '2.4.28', '2.4.15' ],
30 silly audit   '@volar/source-map': [ '2.4.28', '2.4.15' ],
30 silly audit   '@volar/typescript': [ '2.4.15' ],
30 silly audit   '@vue-macros/common': [ '3.1.2' ],
30 silly audit   '@vue/babel-helper-vue-transform-on': [ '2.0.1' ],
30 silly audit   '@vue/babel-plugin-jsx': [ '2.0.1' ],
30 silly audit   '@vue/babel-plugin-resolve-type': [ '2.0.1' ],
30 silly audit   '@vue/compiler-core': [ '3.5.34' ],
30 silly audit   '@vue/compiler-dom': [ '3.5.34' ],
30 silly audit   '@vue/compiler-sfc': [ '3.5.34' ],
30 silly audit   '@vue/compiler-ssr': [ '3.5.34' ],
30 silly audit   '@vue/compiler-vue2': [ '2.7.16' ],
30 silly audit   '@vue/devtools-api': [ '6.6.4' ],
30 silly audit   '@vue/devtools-core': [ '8.1.2' ],
30 silly audit   '@vue/devtools-kit': [ '8.1.2' ],
30 silly audit   birpc: [ '2.9.0', '4.0.0' ],
30 silly audit   '@vue/devtools-shared': [ '8.1.2' ],
30 silly audit   '@vue/language-core': [ '3.2.8', '2.2.12' ],
30 silly audit   '@vue/reactivity': [ '3.5.34' ],
30 silly audit   '@vue/runtime-core': [ '3.5.34' ],
30 silly audit   '@vue/runtime-dom': [ '3.5.34' ],
30 silly audit   '@vue/server-renderer': [ '3.5.34' ],
30 silly audit   '@vue/shared': [ '3.5.34' ],
30 silly audit   abbrev: [ '3.0.1' ],
30 silly audit   'abort-controller': [ '3.0.0' ],
30 silly audit   accepts: [ '1.3.8' ],
30 silly audit   'mime-db': [ '1.52.0', '1.54.0' ],
30 silly audit   'mime-types': [ '2.1.35', '3.0.2' ],
30 silly audit   acorn: [ '8.16.0' ],
30 silly audit   'acorn-import-attributes': [ '1.9.5' ],
30 silly audit   'agent-base': [ '7.1.4' ],
30 silly audit   'alien-signals': [ '3.1.2', '1.0.13' ],
30 silly audit   'ansi-regex': [ '6.2.2', '5.0.1' ],
30 silly audit   ansis: [ '4.2.0' ],
30 silly audit   'any-promise': [ '1.3.0' ],
30 silly audit   anymatch: [ '3.1.3' ],
30 silly audit   picomatch: [ '2.3.2', '4.0.4' ],
30 silly audit   archiver: [ '7.0.1' ],
30 silly audit   'archiver-utils': [ '5.0.2' ],
30 silly audit   'balanced-match': [ '1.0.2', '4.0.4' ],
30 silly audit   'brace-expansion': [ '2.1.0', '5.0.6', '1.1.14' ],
30 silly audit   glob: [ '10.5.0', '13.0.6', '7.2.3' ],
30 silly audit   'is-stream': [ '2.0.1', '3.0.0' ],
30 silly audit   'lru-cache': [ '10.4.3', '5.1.1', '11.3.6' ],
30 silly audit   minimatch: [ '9.0.9', '10.2.5', '5.1.9', '3.1.5' ],
30 silly audit   'path-scurry': [ '1.11.1', '2.0.2' ],
30 silly audit   arg: [ '5.0.2' ],
30 silly audit   'ast-kit': [ '2.2.0' ],
30 silly audit   'ast-walker-scope': [ '0.8.3' ],
30 silly audit   async: [ '3.2.6' ],
30 silly audit   'async-sema': [ '3.1.1' ],
30 silly audit   'at-least-node': [ '1.0.0' ],
30 silly audit   autoprefixer: [ '10.5.0' ],
30 silly audit   b4a: [ '1.8.1' ],
30 silly audit   'bare-events': [ '2.8.2' ],
30 silly audit   'bare-fs': [ '4.7.1' ],
30 silly audit   'bare-os': [ '3.9.1' ],
30 silly audit   'bare-path': [ '3.0.0' ],
30 silly audit   'bare-stream': [ '2.13.1' ],
30 silly audit   'bare-url': [ '2.4.3' ],
30 silly audit   'base64-js': [ '1.5.1' ],
30 silly audit   'baseline-browser-mapping': [ '2.10.28' ],
30 silly audit   'binary-extensions': [ '2.3.0' ],
30 silly audit   bindings: [ '1.5.0' ],
30 silly audit   'blob-to-buffer': [ '1.2.9' ],
30 silly audit   boolbase: [ '1.0.0' ],
30 silly audit   braces: [ '3.0.3' ],
30 silly audit   brotli: [ '1.3.3' ],
30 silly audit   browserslist: [ '4.28.2' ],
30 silly audit   buffer: [ '6.0.3' ],
30 silly audit   'buffer-crc32': [ '1.0.0' ],
30 silly audit   'buffer-from': [ '1.1.2' ],
30 silly audit   'bundle-name': [ '4.1.0' ],
30 silly audit   c12: [ '3.3.4' ],
30 silly audit   cac: [ '6.7.14' ],
30 silly audit   'cache-content-type': [ '1.0.1' ],
30 silly audit   'call-bind-apply-helpers': [ '1.0.2' ],
30 silly audit   'call-bound': [ '1.0.4' ],
30 silly audit   'camelcase-css': [ '2.0.1' ],
30 silly audit   'caniuse-api': [ '3.0.0' ],
30 silly audit   'caniuse-lite': [ '1.0.30001792' ],
30 silly audit   chalk: [ '4.1.2' ],
30 silly audit   chokidar: [ '5.0.0', '3.6.0', '4.0.3' ],
30 silly audit   chownr: [ '3.0.0' ],
30 silly audit   citty: [ '0.2.2', '0.1.6' ],
30 silly audit   cliui: [ '9.0.1', '8.0.1' ],
30 silly audit   clone: [ '2.1.2' ],
30 silly audit   'cluster-key-slot': [ '1.1.2' ],
30 silly audit   co: [ '4.6.0' ],
30 silly audit   'color-convert': [ '2.0.1' ],
30 silly audit   'color-name': [ '1.1.4' ],
30 silly audit   commander: [ '4.1.1', '6.2.1', '2.20.3', '13.1.0', '11.1.0' ],
30 silly audit   commondir: [ '1.0.1' ],
30 silly audit   compatx: [ '0.2.0' ],
30 silly audit   'compress-commons': [ '6.0.2' ],
30 silly audit   'concat-map': [ '0.0.1' ],
30 silly audit   confbox: [ '0.2.4', '0.1.8' ],
30 silly audit   consola: [ '3.4.2' ],
30 silly audit   'content-disposition': [ '0.5.4' ],
30 silly audit   'content-type': [ '1.0.5' ],
30 silly audit   'convert-source-map': [ '2.0.0' ],
30 silly audit   'cookie-es': [ '1.2.3', '2.0.1', '3.1.1' ],
30 silly audit   cookies: [ '0.9.1' ],
30 silly audit   'core-util-is': [ '1.0.3' ],
30 silly audit   'crc-32': [ '1.2.2' ],
30 silly audit   'crc32-stream': [ '6.0.0' ],
30 silly audit   croner: [ '10.0.1' ],
30 silly audit   'cross-fetch': [ '3.2.0' ],
30 silly audit   'cross-spawn': [ '7.0.6' ],
30 silly audit   crossws: [ '0.3.5' ],
30 silly audit   'css-declaration-sorter': [ '7.4.0' ],
30 silly audit   'css-select': [ '5.2.2' ],
30 silly audit   'css-tree': [ '3.2.1', '2.2.1' ],
30 silly audit   'css-what': [ '6.2.2' ],
30 silly audit   cssesc: [ '3.0.0' ],
30 silly audit   cssnano: [ '7.1.9' ],
30 silly audit   'cssnano-preset-default': [ '7.0.17' ],
30 silly audit   'cssnano-utils': [ '5.0.3' ],
30 silly audit   csso: [ '5.0.5' ],
30 silly audit   'mdn-data': [ '2.0.28', '2.27.1' ],
30 silly audit   csstype: [ '3.2.3' ],
30 silly audit   db0: [ '0.3.4' ],
30 silly audit   'de-indent': [ '1.0.2' ],
30 silly audit   debug: [ '4.4.3', '3.2.7' ],
30 silly audit   'deep-equal': [ '1.0.1' ],
30 silly audit   deepmerge: [ '4.3.1' ],
30 silly audit   'default-browser': [ '5.5.0' ],
30 silly audit   'default-browser-id': [ '5.0.1' ],
30 silly audit   'define-lazy-prop': [ '3.0.0' ],
30 silly audit   defu: [ '6.1.7' ],
30 silly audit   delegates: [ '1.0.0' ],
30 silly audit   denque: [ '2.1.0' ],
30 silly audit   depd: [ '2.0.0', '1.1.2' ],
30 silly audit   destr: [ '2.0.5' ],
30 silly audit   destroy: [ '1.2.0' ],
30 silly audit   'detect-libc': [ '2.1.2' ],
30 silly audit   devalue: [ '5.8.0' ],
30 silly audit   dfa: [ '1.2.0' ],
30 silly audit   didyoumean: [ '1.2.2' ],
30 silly audit   diff: [ '8.0.4' ],
30 silly audit   dlv: [ '1.1.3' ],
30 silly audit   'dom-serializer': [ '2.0.0' ],
30 silly audit   entities: [ '4.5.0', '7.0.1' ],
30 silly audit   domelementtype: [ '2.3.0' ],
30 silly audit   domhandler: [ '5.0.3' ],
30 silly audit   domutils: [ '3.2.2' ],
30 silly audit   'dot-prop': [ '10.1.0' ],
30 silly audit   dotenv: [ '17.4.2' ],
30 silly audit   'dunder-proto': [ '1.0.1' ],
30 silly audit   duplexer: [ '0.1.2' ],
30 silly audit   eastasianwidth: [ '0.2.0' ],
30 silly audit   'ee-first': [ '1.1.1' ],
30 silly audit   'electron-to-chromium': [ '1.5.353' ],
30 silly audit   encodeurl: [ '2.0.0', '1.0.2' ],
30 silly audit   'enhanced-resolve': [ '5.21.2' ],
30 silly audit   'error-stack-parser-es': [ '1.0.5' ],
30 silly audit   errx: [ '0.1.0' ],
30 silly audit   'es-define-property': [ '1.0.1' ],
30 silly audit   'es-errors': [ '1.3.0' ],
30 silly audit   'es-module-lexer': [ '2.1.0' ],
30 silly audit   'es-object-atoms': [ '1.1.1' ],
30 silly audit   esbuild: [ '0.25.12', '0.28.0', '0.27.7' ],
30 silly audit   escalade: [ '3.2.0' ],
30 silly audit   'escape-html': [ '1.0.3' ],
30 silly audit   'escape-string-regexp': [ '5.0.0' ],
30 silly audit   etag: [ '1.8.1' ],
30 silly audit   'event-target-shim': [ '5.0.1' ],
30 silly audit   events: [ '3.3.0' ],
30 silly audit   'events-universal': [ '1.0.1' ],
30 silly audit   execa: [ '8.0.1' ],
30 silly audit   exsolve: [ '1.0.8' ],
30 silly audit   externality: [ '1.0.2' ],
30 silly audit   pathe: [ '1.1.2', '2.0.3' ],
30 silly audit   'fast-deep-equal': [ '3.1.3' ],
30 silly audit   'fast-fifo': [ '1.3.2' ],
30 silly audit   'fast-glob': [ '3.3.3' ],
30 silly audit   'fast-npm-meta': [ '1.5.1' ],
30 silly audit   'fast-string-truncated-width': [ '3.0.3' ],
30 silly audit   'fast-string-width': [ '3.0.2' ],
30 silly audit   'fast-wrap-ansi': [ '0.2.0' ],
30 silly audit   fastq: [ '1.20.1' ],
30 silly audit   fdir: [ '6.5.0' ],
30 silly audit   'file-uri-to-path': [ '1.0.0' ],
30 silly audit   'fill-range': [ '7.1.1' ],
30 silly audit   fontaine: [ '0.6.0' ],
30 silly audit   fontkit: [ '2.0.4' ],
30 silly audit   'foreground-child': [ '3.3.1' ],
30 silly audit   'fraction.js': [ '5.3.4' ],
30 silly audit   fresh: [ '2.0.0', '0.5.2' ],
30 silly audit   'fs-extra': [ '9.1.0' ],
30 silly audit   'fs.realpath': [ '1.0.0' ],
30 silly audit   fsevents: [ '2.3.3' ],
30 silly audit   'function-bind': [ '1.1.2' ],
30 silly audit   'fuse.js': [ '7.3.0' ],
30 silly audit   fzf: [ '0.5.2' ],
30 silly audit   'generator-function': [ '2.0.1' ],
30 silly audit   gensync: [ '1.0.0-beta.2' ],
30 silly audit   'get-caller-file': [ '2.0.5' ],
30 silly audit   'get-east-asian-width': [ '1.6.0' ],
30 silly audit   'get-intrinsic': [ '1.3.0' ],
30 silly audit   'get-port-please': [ '3.2.0' ],
30 silly audit   'get-proto': [ '1.0.1' ],
30 silly audit   'get-stream': [ '8.0.1' ],
30 silly audit   giget: [ '3.2.0' ],
30 silly audit   'glob-parent': [ '5.1.2', '6.0.2' ],
30 silly audit   'global-directory': [ '4.0.1' ],
30 silly audit   globals: [ '15.15.0' ],
30 silly audit   globby: [ '16.2.0' ],
30 silly audit   gopd: [ '1.2.0' ],
30 silly audit   'graceful-fs': [ '4.2.11' ],
30 silly audit   'gzip-size': [ '7.0.0' ],
30 silly audit   h3: [ '1.15.11' ],
30 silly audit   'has-flag': [ '4.0.0' ],
30 silly audit   'has-symbols': [ '1.1.0' ],
30 silly audit   'has-tostringtag': [ '1.0.2' ],
30 silly audit   hasown: [ '2.0.3' ],
30 silly audit   he: [ '1.2.0' ],
30 silly audit   'http-assert': [ '1.5.0' ],
30 silly audit   'http-errors': [ '1.8.1', '2.0.1', '1.6.3' ],
30 silly audit   statuses: [ '1.5.0', '2.0.2' ],
30 silly audit   'http-shutdown': [ '1.2.2' ],
30 silly audit   'https-proxy-agent': [ '7.0.6' ],
30 silly audit   httpxy: [ '0.5.1' ],
30 silly audit   'human-signals': [ '5.0.0' ],
30 silly audit   ieee754: [ '1.2.1' ],
30 silly audit   ignore: [ '7.0.5' ],
30 silly audit   'image-meta': [ '0.2.2' ],
30 silly audit   impound: [ '1.1.5' ],
30 silly audit   unplugin: [ '3.0.0', '2.3.11' ],
30 silly audit   inflight: [ '1.0.6' ],
30 silly audit   inherits: [ '2.0.4', '2.0.3' ],
30 silly audit   ini: [ '4.1.1' ],
30 silly audit   ioredis: [ '5.10.1' ],
30 silly audit   'iron-webcrypto': [ '1.2.1' ],
30 silly audit   'is-binary-path': [ '2.1.0' ],
30 silly audit   'is-core-module': [ '2.16.2' ],
30 silly audit   'is-docker': [ '3.0.0', '2.2.1' ],
30 silly audit   'is-extglob': [ '2.1.1' ],
30 silly audit   'is-fullwidth-code-point': [ '3.0.0' ],
30 silly audit   'is-generator-function': [ '1.1.2' ],
30 silly audit   'is-glob': [ '4.0.3' ],
30 silly audit   'is-in-ssh': [ '1.0.0' ],
30 silly audit   'is-inside-container': [ '1.0.0' ],
30 silly audit   'is-installed-globally': [ '1.0.0' ],
30 silly audit   'is-module': [ '1.0.0' ],
30 silly audit   'is-number': [ '7.0.0' ],
30 silly audit   'is-path-inside': [ '4.0.0' ],
30 silly audit   'is-reference': [ '1.2.1' ],
30 silly audit   'is-regex': [ '1.2.1' ],
30 silly audit   'is-wsl': [ '3.1.1', '2.2.0' ],
30 silly audit   isarray: [ '1.0.0' ],
30 silly audit   jackspeak: [ '3.4.3' ],
30 silly audit   jiti: [ '2.7.0', '1.21.7' ],
30 silly audit   'js-tokens': [ '4.0.0', '9.0.1' ],
30 silly audit   jsesc: [ '3.1.0' ],
30 silly audit   json5: [ '2.2.3' ],
30 silly audit   jsonfile: [ '6.2.1' ],
30 silly audit   keygrip: [ '1.1.0' ],
30 silly audit   kleur: [ '4.1.5' ],
30 silly audit   klona: [ '2.0.6' ],
30 silly audit   knitwork: [ '1.3.0' ],
30 silly audit   koa: [ '2.16.4' ],
30 silly audit   'koa-compose': [ '4.1.0' ],
30 silly audit   'koa-convert': [ '2.0.0' ],
30 silly audit   'koa-send': [ '5.0.1' ],
30 silly audit   'koa-static': [ '5.0.0' ],
30 silly audit   kolorist: [ '1.8.0' ],
30 silly audit   'launch-editor': [ '2.13.2' ],
30 silly audit   lazystream: [ '1.0.1' ],
30 silly audit   'readable-stream': [ '2.3.8', '4.7.0' ],
30 silly audit   'safe-buffer': [ '5.1.2', '5.2.1' ],
30 silly audit   string_decoder: [ '1.1.1', '1.3.0' ],
30 silly audit   lilconfig: [ '3.1.3' ],
30 silly audit   'lines-and-columns': [ '1.2.4' ],
30 silly audit   listhen: [ '1.10.0' ],
30 silly audit   'local-pkg': [ '1.1.2' ],
30 silly audit   lodash: [ '4.18.1' ],
30 silly audit   'lodash.defaults': [ '4.2.0' ],
30 silly audit   'lodash.isarguments': [ '3.1.0' ],
30 silly audit   'lodash.memoize': [ '4.1.2' ],
30 silly audit   'lodash.uniq': [ '4.5.0' ],
30 silly audit   'magic-regexp': [ '0.10.0' ],
30 silly audit   'magic-string': [ '0.30.21' ],
30 silly audit   'magic-string-ast': [ '1.0.3' ],
30 silly audit   magicast: [ '0.5.2' ],
30 silly audit   'math-intrinsics': [ '1.1.0' ],
30 silly audit   'media-typer': [ '0.3.0' ],
30 silly audit   'merge-stream': [ '2.0.0' ],
30 silly audit   merge2: [ '1.4.1' ],
30 silly audit   methods: [ '1.1.2' ],
30 silly audit   micromatch: [ '4.0.8' ],
30 silly audit   mime: [ '4.1.0' ],
30 silly audit   'mimic-fn': [ '4.0.0' ],
30 silly audit   minipass: [ '7.1.3' ],
30 silly audit   minizlib: [ '3.1.0' ],
30 silly audit   mlly: [ '1.8.2' ],
30 silly audit   'pkg-types': [ '1.3.1', '2.3.1' ],
30 silly audit   'mocked-exports': [ '0.1.1' ],
30 silly audit   mrmime: [ '2.0.1' ],
30 silly audit   ms: [ '2.1.3' ],
30 silly audit   'muggle-string': [ '0.4.1' ],
30 silly audit   mz: [ '2.7.0' ],
30 silly audit   nanoid: [ '3.3.12' ],
30 silly audit   nanotar: [ '0.3.0' ],
30 silly audit   negotiator: [ '0.6.3' ],
30 silly audit   nitropack: [ '2.13.4' ],
30 silly audit   'node-addon-api': [ '7.1.1' ],
30 silly audit   'node-fetch': [ '2.7.0' ],
30 silly audit   'node-fetch-native': [ '1.6.7' ],
30 silly audit   'node-forge': [ '1.4.0' ],
30 silly audit   'node-gyp-build': [ '4.8.4' ],
30 silly audit   'node-mock-http': [ '1.0.4' ],
30 silly audit   'node-releases': [ '2.0.38' ],
30 silly audit   nopt: [ '8.1.0' ],
30 silly audit   'normalize-path': [ '3.0.0' ],
30 silly audit   'npm-run-path': [ '5.3.0', '6.0.0' ],
30 silly audit   'path-key': [ '4.0.0', '3.1.1' ],
30 silly audit   'nth-check': [ '2.1.1' ],
30 silly audit   nuxt: [ '3.21.4' ],
30 silly audit   nypm: [ '0.6.6' ],
30 silly audit   'object-assign': [ '4.1.1' ],
30 silly audit   'object-hash': [ '3.0.0' ],
30 silly audit   obug: [ '2.1.1' ],
30 silly audit   ohash: [ '2.0.11' ],
30 silly audit   'on-change': [ '6.0.2' ],
30 silly audit   'on-finished': [ '2.4.1' ],
30 silly audit   once: [ '1.4.0' ],
30 silly audit   onetime: [ '6.0.0' ],
30 silly audit   only: [ '0.0.2' ],
30 silly audit   open: [ '11.0.0', '7.4.2', '10.2.0' ],
30 silly audit   'oxc-minify': [ '0.128.0' ],
30 silly audit   'oxc-parser': [ '0.128.0' ],
30 silly audit   'oxc-transform': [ '0.128.0' ],
30 silly audit   'oxc-walker': [ '0.7.0' ],
30 silly audit   'package-json-from-dist': [ '1.0.1' ],
30 silly audit   'package-manager-detector': [ '1.6.0' ],
30 silly audit   pako: [ '0.2.9' ],
30 silly audit   parseurl: [ '1.3.3' ],
30 silly audit   'path-browserify': [ '1.0.1' ],
30 silly audit   'path-is-absolute': [ '1.0.1' ],
30 silly audit   'path-parse': [ '1.0.7' ],
30 silly audit   'path-to-regexp': [ '6.3.0' ],
30 silly audit   'perfect-debounce': [ '2.1.0' ],
30 silly audit   picocolors: [ '1.1.1' ],
30 silly audit   pify: [ '2.3.0' ],
30 silly audit   pirates: [ '4.0.7' ],
30 silly audit   portfinder: [ '1.0.38' ],
30 silly audit   postcss: [ '8.5.14' ],
30 silly audit   'postcss-calc': [ '10.1.1' ],
30 silly audit   'postcss-colormin': [ '7.0.10' ],
30 silly audit   'postcss-convert-values': [ '7.0.12' ],
30 silly audit   'postcss-discard-comments': [ '7.0.8' ],
30 silly audit   'postcss-discard-duplicates': [ '7.0.4' ],
30 silly audit   'postcss-discard-empty': [ '7.0.3' ],
30 silly audit   'postcss-discard-overridden': [ '7.0.3' ],
30 silly audit   'postcss-import': [ '15.1.0' ],
30 silly audit   'postcss-js': [ '4.1.0' ],
30 silly audit   'postcss-load-config': [ '6.0.1' ],
30 silly audit   'postcss-merge-longhand': [ '7.0.7' ],
30 silly audit   'postcss-merge-rules': [ '7.0.11' ],
30 silly audit   'postcss-minify-font-values': [ '7.0.3' ],
30 silly audit   'postcss-minify-gradients': [ '7.0.5' ],
30 silly audit   'postcss-minify-params': [ '7.0.9' ],
30 silly audit   'postcss-minify-selectors': [ '7.1.2' ],
30 silly audit   'postcss-nested': [ '6.2.0' ],
30 silly audit   'postcss-selector-parser': [ '6.1.2', '7.1.1' ],
30 silly audit   'postcss-nesting': [ '13.0.2' ],
30 silly audit   'postcss-normalize-charset': [ '7.0.3' ],
30 silly audit   'postcss-normalize-display-values': [ '7.0.3' ],
30 silly audit   'postcss-normalize-positions': [ '7.0.4' ],
30 silly audit   'postcss-normalize-repeat-style': [ '7.0.4' ],
30 silly audit   'postcss-normalize-string': [ '7.0.3' ],
30 silly audit   'postcss-normalize-timing-functions': [ '7.0.3' ],
30 silly audit   'postcss-normalize-unicode': [ '7.0.9' ],
30 silly audit   'postcss-normalize-url': [ '7.0.3' ],
30 silly audit   'postcss-normalize-whitespace': [ '7.0.3' ],
30 silly audit   'postcss-ordered-values': [ '7.0.4' ],
30 silly audit   'postcss-reduce-initial': [ '7.0.9' ],
30 silly audit   'postcss-reduce-transforms': [ '7.0.3' ],
30 silly audit   'postcss-svgo': [ '7.1.3' ],
30 silly audit   'postcss-unique-selectors': [ '7.0.7' ],
30 silly audit   'postcss-value-parser': [ '4.2.0' ],
30 silly audit   'powershell-utils': [ '0.1.0' ],
30 silly audit   'pretty-bytes': [ '7.1.0' ],
30 silly audit   process: [ '0.11.10' ],
30 silly audit   'process-nextick-args': [ '2.0.1' ],
30 silly audit   'proper-lockfile': [ '4.1.2' ],
30 silly audit   'signal-exit': [ '3.0.7', '4.1.0' ],
30 silly audit   quansync: [ '0.2.11' ],
30 silly audit   'queue-microtask': [ '1.2.3' ],
30 silly audit   radix3: [ '1.1.2' ],
30 silly audit   'range-parser': [ '1.2.1' ],
30 silly audit   rc9: [ '3.0.1' ],
30 silly audit   'read-cache': [ '1.0.0' ],
30 silly audit   'readdir-glob': [ '1.1.3' ],
30 silly audit   readdirp: [ '5.0.0', '3.6.0', '4.1.2' ],
30 silly audit   'redis-errors': [ '1.2.0' ],
30 silly audit   'redis-parser': [ '3.0.0' ],
30 silly audit   'regexp-tree': [ '0.1.27' ],
30 silly audit   'replace-in-file': [ '6.3.5' ],
30 silly audit   'strip-ansi': [ '6.0.1', '7.2.0' ],
30 silly audit   yargs: [ '17.7.2', '18.0.0' ],
30 silly audit   'yargs-parser': [ '21.1.1', '22.0.0' ],
30 silly audit   'require-directory': [ '2.1.1' ],
30 silly audit   resolve: [ '1.22.12' ],
30 silly audit   'resolve-from': [ '5.0.0' ],
30 silly audit   'resolve-path': [ '1.4.0' ],
30 silly audit   setprototypeof: [ '1.1.0', '1.2.0' ],
30 silly audit   restructure: [ '3.0.2' ],
30 silly audit   retry: [ '0.12.0' ],
30 silly audit   reusify: [ '1.1.0' ],
30 silly audit   rollup: [ '4.60.3' ],
30 silly audit   'rollup-plugin-visualizer': [ '7.0.1' ],
30 silly audit   rou3: [ '0.8.1' ],
30 silly audit   'run-applescript': [ '7.1.0' ],
30 silly audit   'run-parallel': [ '1.2.0' ],
30 silly audit   'safe-regex-test': [ '1.1.0' ],
30 silly audit   sax: [ '1.6.0' ],
30 silly audit   scule: [ '1.3.0' ],
30 silly audit   send: [ '1.2.1' ],
30 silly audit   'serialize-javascript': [ '7.0.5' ],
30 silly audit   seroval: [ '1.5.4' ],
30 silly audit   'serve-placeholder': [ '2.0.2' ],
30 silly audit   'serve-static': [ '2.2.1' ],
30 silly audit   'shebang-command': [ '2.0.0' ],
30 silly audit   'shebang-regex': [ '3.0.0' ],
30 silly audit   'shell-quote': [ '1.8.3' ],
30 silly audit   'simple-git': [ '3.36.0' ],
30 silly audit   sirv: [ '3.0.2' ],
30 silly audit   sisteransi: [ '1.0.5' ],
30 silly audit   slash: [ '5.1.0' ],
30 silly audit   smob: [ '1.6.1' ],
30 silly audit   'source-map': [ '0.7.6', '0.6.1' ],
30 silly audit   'source-map-js': [ '1.2.1' ],
30 silly audit   'source-map-support': [ '0.5.21' ],
30 silly audit   srvx: [ '0.11.15' ],
30 silly audit   'standard-as-callback': [ '2.1.0' ],
30 silly audit   streamx: [ '2.25.0' ],
30 silly audit   'strip-final-newline': [ '3.0.0' ],
30 silly audit   'strip-literal': [ '3.1.0' ],
30 silly audit   'structured-clone-es': [ '2.0.0' ],
30 silly audit   stylehacks: [ '7.0.11' ],
30 silly audit   sucrase: [ '3.35.1' ],
30 silly audit   'supports-preserve-symlinks-flag': [ '1.0.0' ],
30 silly audit   svgo: [ '4.0.1' ],
30 silly audit   'tagged-tag': [ '1.0.0' ],
30 silly audit   'tailwind-config-viewer': [ '2.0.4' ],
30 silly audit   tailwindcss: [ '3.4.19' ],
30 silly audit   tapable: [ '2.3.3' ],
30 silly audit   tar: [ '7.5.15' ],
30 silly audit   'tar-stream': [ '3.2.0' ],
30 silly audit   yallist: [ '5.0.0', '3.1.1' ],
30 silly audit   teex: [ '1.0.1' ],
30 silly audit   terser: [ '5.47.1' ],
30 silly audit   'text-decoder': [ '1.2.7' ],
30 silly audit   thenify: [ '3.3.1' ],
30 silly audit   'thenify-all': [ '1.6.0' ],
30 silly audit   'tiny-inflate': [ '1.0.3' ],
30 silly audit   'tiny-invariant': [ '1.3.3' ],
30 silly audit   tinyclip: [ '0.1.12' ],
30 silly audit   tinyexec: [ '1.1.2' ],
30 silly audit   tinyglobby: [ '0.2.16' ],
30 silly audit   'to-regex-range': [ '5.0.1' ],
30 silly audit   toidentifier: [ '1.0.1' ],
30 silly audit   totalist: [ '3.0.1' ],
30 silly audit   tr46: [ '0.0.3' ],
30 silly audit   'ts-interface-checker': [ '0.1.13' ],
30 silly audit   tslib: [ '2.8.1' ],
30 silly audit   tsscmp: [ '1.0.6' ],
30 silly audit   'type-fest': [ '5.6.0' ],
30 silly audit   'type-is': [ '1.6.18' ],
30 silly audit   'type-level-regexp': [ '0.1.17' ],
30 silly audit   typescript: [ '5.9.3' ],
30 silly audit   ufo: [ '1.6.4' ],
30 silly audit   ultrahtml: [ '1.6.0' ],
30 silly audit   uncrypto: [ '0.1.3' ],
30 silly audit   unctx: [ '2.5.0' ],
30 silly audit   unenv: [ '2.0.0-rc.24' ],
30 silly audit   unhead: [ '2.1.15' ],
30 silly audit   'unicode-properties': [ '1.4.1' ],
30 silly audit   'unicode-trie': [ '2.0.0' ],
30 silly audit   'unicorn-magic': [ '0.4.0', '0.3.0' ],
30 silly audit   unifont: [ '0.4.1' ],
30 silly audit   unimport: [ '6.2.0' ],
30 silly audit   universalify: [ '2.0.1' ],
30 silly audit   'unplugin-utils': [ '0.3.1' ],
30 silly audit   'unplugin-vue-router': [ '0.19.2' ],
30 silly audit   unstorage: [ '1.17.5' ],
30 silly audit   untun: [ '0.1.3' ],
30 silly audit   untyped: [ '2.0.0' ],
30 silly audit   unwasm: [ '0.5.3' ],
30 silly audit   'update-browserslist-db': [ '1.2.3' ],
30 silly audit   uqr: [ '0.1.3' ],
30 silly audit   'util-deprecate': [ '1.0.2' ],
30 silly audit   vary: [ '1.1.2' ],
30 silly audit   vite: [ '7.3.3' ],
30 silly audit   'vite-dev-rpc': [ '1.1.0' ],
30 silly audit   'vite-hot-client': [ '2.2.0' ],
30 silly audit   'vite-node': [ '5.3.0' ],
30 silly audit   'vite-plugin-checker': [ '0.13.0' ],
30 silly audit   'vite-plugin-inspect': [ '11.3.3' ],
30 silly audit   'wsl-utils': [ '0.1.0', '0.3.1' ],
30 silly audit   'vite-plugin-vue-tracer': [ '1.3.0' ],
30 silly audit   'vscode-uri': [ '3.1.0' ],
30 silly audit   vue: [ '3.5.34' ],
30 silly audit   'vue-bundle-renderer': [ '2.2.0' ],
30 silly audit   'vue-devtools-stub': [ '0.1.0' ],
30 silly audit   'vue-router': [ '4.6.4' ],
30 silly audit   'vue-tsc': [ '2.2.12' ],
30 silly audit   'webidl-conversions': [ '3.0.1' ],
30 silly audit   'webpack-virtual-modules': [ '0.6.2' ],
30 silly audit   'whatwg-url': [ '5.0.0' ],
30 silly audit   wrappy: [ '1.0.2' ],
30 silly audit   ws: [ '8.20.0' ],
30 silly audit   y18n: [ '5.0.8' ],
30 silly audit   yaml: [ '2.8.4' ],
30 silly audit   ylru: [ '1.4.0' ],
30 silly audit   youch: [ '4.1.1' ],
30 silly audit   'youch-core': [ '0.3.3' ],
30 silly audit   'zip-stream': [ '6.0.1' ],
30 silly audit   '@iconify-json/lucide': [ '1.2.106' ],
30 silly audit   'napi-wasm': [ '1.1.0' ]
30 silly audit }
31 verbose reify failed optional dependency /Users/franccescobuscicchio/Desktop/rituali-creativi-nuxt/node_modules/@rollup/rollup-win32-x64-msvc
32 silly reify mark deleted [
32 silly reify   '/Users/franccescobuscicchio/Desktop/rituali-creativi-nuxt/node_modules/@rollup/rollup-win32-x64-msvc'
32 silly reify ]
33 verbose reify failed optional dependency /Users/franccescobuscicchio/Desktop/rituali-creativi-nuxt/node_modules/@rollup/rollup-win32-x64-gnu
34 silly reify mark deleted [
34 silly reify   '/Users/franccescobuscicchio/Desktop/rituali-creativi-nuxt/node_modules/@rollup/rollup-win32-x64-gnu'
34 silly reify ]
35 verbose reify failed optional dependency /Users/franccescobuscicchio/Desktop/rituali-creativi-nuxt/node_modules/@rollup/rollup-win32-ia32-msvc
36 silly reify mark deleted [
36 silly reify   '/Users/franccescobuscicchio/Desktop/rituali-creativi-nuxt/node_modules/@rollup/rollup-win32-ia32-msvc'
36 silly reify ]
37 verbose reify failed optional dependency /Users/franccescobuscicchio/Desktop/rituali-creativi-nuxt/node_modules/@rollup/rollup-win32-arm64-msvc
38 silly reify mark deleted [
38 silly reify   '/Users/franccescobuscicchio/Desktop/rituali-creativi-nuxt/node_modules/@rollup/rollup-win32-arm64-msvc'
38 silly reify ]
39 verbose reify failed optional dependency /Users/franccescobuscicchio/Desktop/rituali-creativi-nuxt/node_modules/@rollup/rollup-openharmony-arm64
40 silly reify mark deleted [
40 silly reify   '/Users/franccescobuscicchio/Desktop/rituali-creativi-nuxt/node_modules/@rollup/rollup-openharmony-arm64'
40 silly reify ]
41 verbose reify failed optional dependency /Users/franccescobuscicchio/Desktop/rituali-creativi-nuxt/node_modules/@rollup/rollup-openbsd-x64
42 silly reify mark deleted [
42 silly reify   '/Users/franccescobuscicchio/Desktop/rituali-creativi-nuxt/node_modules/@rollup/rollup-openbsd-x64'
42 silly reify ]
43 verbose reify failed optional dependency /Users/franccescobuscicchio/Desktop/rituali-creativi-nuxt/node_modules/@rollup/rollup-linux-x64-musl
44 silly reify mark deleted [
44 silly reify   '/Users/franccescobuscicchio/Desktop/rituali-creativi-nuxt/node_modules/@rollup/rollup-linux-x64-musl'
44 silly reify ]
45 verbose reify failed optional dependency /Users/franccescobuscicchio/Desktop/rituali-creativi-nuxt/node_modules/@rollup/rollup-linux-x64-gnu
46 silly reify mark deleted [
46 silly reify   '/Users/franccescobuscicchio/Desktop/rituali-creativi-nuxt/node_modules/@rollup/rollup-linux-x64-gnu'
46 silly reify ]
47 verbose reify failed optional dependency /Users/franccescobuscicchio/Desktop/rituali-creativi-nuxt/node_modules/@rollup/rollup-linux-s390x-gnu
48 silly reify mark deleted [
48 silly reify   '/Users/franccescobuscicchio/Desktop/rituali-creativi-nuxt/node_modules/@rollup/rollup-linux-s390x-gnu'
48 silly reify ]
49 verbose reify failed optional dependency /Users/franccescobuscicchio/Desktop/rituali-creativi-nuxt/node_modules/@rollup/rollup-linux-riscv64-musl
50 silly reify mark deleted [
50 silly reify   '/Users/franccescobuscicchio/Desktop/rituali-creativi-nuxt/node_modules/@rollup/rollup-linux-riscv64-musl'
50 silly reify ]
51 verbose reify failed optional dependency /Users/franccescobuscicchio/Desktop/rituali-creativi-nuxt/node_modules/@rollup/rollup-linux-riscv64-gnu
52 silly reify mark deleted [
52 silly reify   '/Users/franccescobuscicchio/Desktop/rituali-creativi-nuxt/node_modules/@rollup/rollup-linux-riscv64-gnu'
52 silly reify ]
53 verbose reify failed optional dependency /Users/franccescobuscicchio/Desktop/rituali-creativi-nuxt/node_modules/@rollup/rollup-linux-ppc64-musl
54 silly reify mark deleted [
54 silly reify   '/Users/franccescobuscicchio/Desktop/rituali-creativi-nuxt/node_modules/@rollup/rollup-linux-ppc64-musl'
54 silly reify ]
55 verbose reify failed optional dependency /Users/franccescobuscicchio/Desktop/rituali-creativi-nuxt/node_modules/@rollup/rollup-linux-ppc64-gnu
56 silly reify mark deleted [
56 silly reify   '/Users/franccescobuscicchio/Desktop/rituali-creativi-nuxt/node_modules/@rollup/rollup-linux-ppc64-gnu'
56 silly reify ]
57 verbose reify failed optional dependency /Users/franccescobuscicchio/Desktop/rituali-creativi-nuxt/node_modules/@rollup/rollup-linux-loong64-musl
58 silly reify mark deleted [
58 silly reify   '/Users/franccescobuscicchio/Desktop/rituali-creativi-nuxt/node_modules/@rollup/rollup-linux-loong64-musl'
58 silly reify ]
59 verbose reify failed optional dependency /Users/franccescobuscicchio/Desktop/rituali-creativi-nuxt/node_modules/@rollup/rollup-linux-loong64-gnu
60 silly reify mark deleted [
60 silly reify   '/Users/franccescobuscicchio/Desktop/rituali-creativi-nuxt/node_modules/@rollup/rollup-linux-loong64-gnu'
60 silly reify ]
61 verbose reify failed optional dependency /Users/franccescobuscicchio/Desktop/rituali-creativi-nuxt/node_modules/@rollup/rollup-linux-arm64-musl
62 silly reify mark deleted [
62 silly reify   '/Users/franccescobuscicchio/Desktop/rituali-creativi-nuxt/node_modules/@rollup/rollup-linux-arm64-musl'
62 silly reify ]
63 verbose reify failed optional dependency /Users/franccescobuscicchio/Desktop/rituali-creativi-nuxt/node_modules/@rollup/rollup-linux-arm64-gnu
64 silly reify mark deleted [
64 silly reify   '/Users/franccescobuscicchio/Desktop/rituali-creativi-nuxt/node_modules/@rollup/rollup-linux-arm64-gnu'
64 silly reify ]
65 verbose reify failed optional dependency /Users/franccescobuscicchio/Desktop/rituali-creativi-nuxt/node_modules/@rollup/rollup-linux-arm-musleabihf
66 silly reify mark deleted [
66 silly reify   '/Users/franccescobuscicchio/Desktop/rituali-creativi-nuxt/node_modules/@rollup/rollup-linux-arm-musleabihf'
66 silly reify ]
67 verbose reify failed optional dependency /Users/franccescobuscicchio/Desktop/rituali-creativi-nuxt/node_modules/@rollup/rollup-linux-arm-gnueabihf
68 silly reify mark deleted [
68 silly reify   '/Users/franccescobuscicchio/Desktop/rituali-creativi-nuxt/node_modules/@rollup/rollup-linux-arm-gnueabihf'
68 silly reify ]
69 verbose reify failed optional dependency /Users/franccescobuscicchio/Desktop/rituali-creativi-nuxt/node_modules/@rollup/rollup-freebsd-x64
70 silly reify mark deleted [
70 silly reify   '/Users/franccescobuscicchio/Desktop/rituali-creativi-nuxt/node_modules/@rollup/rollup-freebsd-x64'
70 silly reify ]
71 verbose reify failed optional dependency /Users/franccescobuscicchio/Desktop/rituali-creativi-nuxt/node_modules/@rollup/rollup-freebsd-arm64
72 silly reify mark deleted [
72 silly reify   '/Users/franccescobuscicchio/Desktop/rituali-creativi-nuxt/node_modules/@rollup/rollup-freebsd-arm64'
72 silly reify ]
73 verbose reify failed optional dependency /Users/franccescobuscicchio/Desktop/rituali-creativi-nuxt/node_modules/@rollup/rollup-darwin-x64
74 silly reify mark deleted [
74 silly reify   '/Users/franccescobuscicchio/Desktop/rituali-creativi-nuxt/node_modules/@rollup/rollup-darwin-x64'
74 silly reify ]
75 verbose reify failed optional dependency /Users/franccescobuscicchio/Desktop/rituali-creativi-nuxt/node_modules/@rollup/rollup-android-arm64
76 silly reify mark deleted [
76 silly reify   '/Users/franccescobuscicchio/Desktop/rituali-creativi-nuxt/node_modules/@rollup/rollup-android-arm64'
76 silly reify ]
77 verbose reify failed optional dependency /Users/franccescobuscicchio/Desktop/rituali-creativi-nuxt/node_modules/@rollup/rollup-android-arm-eabi
78 silly reify mark deleted [
78 silly reify   '/Users/franccescobuscicchio/Desktop/rituali-creativi-nuxt/node_modules/@rollup/rollup-android-arm-eabi'
78 silly reify ]
79 verbose reify failed optional dependency /Users/franccescobuscicchio/Desktop/rituali-creativi-nuxt/node_modules/@parcel/watcher-win32-x64
80 silly reify mark deleted [
80 silly reify   '/Users/franccescobuscicchio/Desktop/rituali-creativi-nuxt/node_modules/@parcel/watcher-win32-x64'
80 silly reify ]
81 verbose reify failed optional dependency /Users/franccescobuscicchio/Desktop/rituali-creativi-nuxt/node_modules/@parcel/watcher-win32-ia32
82 silly reify mark deleted [
82 silly reify   '/Users/franccescobuscicchio/Desktop/rituali-creativi-nuxt/node_modules/@parcel/watcher-win32-ia32'
82 silly reify ]
83 verbose reify failed optional dependency /Users/franccescobuscicchio/Desktop/rituali-creativi-nuxt/node_modules/@parcel/watcher-win32-arm64
84 silly reify mark deleted [
84 silly reify   '/Users/franccescobuscicchio/Desktop/rituali-creativi-nuxt/node_modules/@parcel/watcher-win32-arm64'
84 silly reify ]
85 verbose reify failed optional dependency /Users/franccescobuscicchio/Desktop/rituali-creativi-nuxt/node_modules/@parcel/watcher-linux-x64-musl
86 silly reify mark deleted [
86 silly reify   '/Users/franccescobuscicchio/Desktop/rituali-creativi-nuxt/node_modules/@parcel/watcher-linux-x64-musl'
86 silly reify ]
87 verbose reify failed optional dependency /Users/franccescobuscicchio/Desktop/rituali-creativi-nuxt/node_modules/@parcel/watcher-linux-x64-glibc
88 silly reify mark deleted [
88 silly reify   '/Users/franccescobuscicchio/Desktop/rituali-creativi-nuxt/node_modules/@parcel/watcher-linux-x64-glibc'
88 silly reify ]
89 verbose reify failed optional dependency /Users/franccescobuscicchio/Desktop/rituali-creativi-nuxt/node_modules/@parcel/watcher-linux-arm64-musl
90 silly reify mark deleted [
90 silly reify   '/Users/franccescobuscicchio/Desktop/rituali-creativi-nuxt/node_modules/@parcel/watcher-linux-arm64-musl'
90 silly reify ]
91 verbose reify failed optional dependency /Users/franccescobuscicchio/Desktop/rituali-creativi-nuxt/node_modules/@parcel/watcher-linux-arm64-glibc
92 silly reify mark deleted [
92 silly reify   '/Users/franccescobuscicchio/Desktop/rituali-creativi-nuxt/node_modules/@parcel/watcher-linux-arm64-glibc'
92 silly reify ]
93 verbose reify failed optional dependency /Users/franccescobuscicchio/Desktop/rituali-creativi-nuxt/node_modules/@parcel/watcher-linux-arm-musl
94 silly reify mark deleted [
94 silly reify   '/Users/franccescobuscicchio/Desktop/rituali-creativi-nuxt/node_modules/@parcel/watcher-linux-arm-musl'
94 silly reify ]
95 verbose reify failed optional dependency /Users/franccescobuscicchio/Desktop/rituali-creativi-nuxt/node_modules/@parcel/watcher-linux-arm-glibc
96 silly reify mark deleted [
96 silly reify   '/Users/franccescobuscicchio/Desktop/rituali-creativi-nuxt/node_modules/@parcel/watcher-linux-arm-glibc'
96 silly reify ]
97 verbose reify failed optional dependency /Users/franccescobuscicchio/Desktop/rituali-creativi-nuxt/node_modules/@parcel/watcher-freebsd-x64
98 silly reify mark deleted [
98 silly reify   '/Users/franccescobuscicchio/Desktop/rituali-creativi-nuxt/node_modules/@parcel/watcher-freebsd-x64'
98 silly reify ]
99 verbose reify failed optional dependency /Users/franccescobuscicchio/Desktop/rituali-creativi-nuxt/node_modules/@parcel/watcher-darwin-x64
100 silly reify mark deleted [
100 silly reify   '/Users/franccescobuscicchio/Desktop/rituali-creativi-nuxt/node_modules/@parcel/watcher-darwin-x64'
100 silly reify ]
101 verbose reify failed optional dependency /Users/franccescobuscicchio/Desktop/rituali-creativi-nuxt/node_modules/@parcel/watcher-android-arm64
102 silly reify mark deleted [
102 silly reify   '/Users/franccescobuscicchio/Desktop/rituali-creativi-nuxt/node_modules/@parcel/watcher-android-arm64'
102 silly reify ]
103 verbose reify failed optional dependency /Users/franccescobuscicchio/Desktop/rituali-creativi-nuxt/node_modules/@oxc-transform/binding-win32-x64-msvc
104 silly reify mark deleted [
104 silly reify   '/Users/franccescobuscicchio/Desktop/rituali-creativi-nuxt/node_modules/@oxc-transform/binding-win32-x64-msvc'
104 silly reify ]
105 verbose reify failed optional dependency /Users/franccescobuscicchio/Desktop/rituali-creativi-nuxt/node_modules/@oxc-transform/binding-win32-ia32-msvc
106 silly reify mark deleted [
106 silly reify   '/Users/franccescobuscicchio/Desktop/rituali-creativi-nuxt/node_modules/@oxc-transform/binding-win32-ia32-msvc'
106 silly reify ]
107 verbose reify failed optional dependency /Users/franccescobuscicchio/Desktop/rituali-creativi-nuxt/node_modules/@oxc-transform/binding-win32-arm64-msvc
108 silly reify mark deleted [
108 silly reify   '/Users/franccescobuscicchio/Desktop/rituali-creativi-nuxt/node_modules/@oxc-transform/binding-win32-arm64-msvc'
108 silly reify ]
109 verbose reify failed optional dependency /Users/franccescobuscicchio/Desktop/rituali-creativi-nuxt/node_modules/@oxc-transform/binding-wasm32-wasi
110 silly reify mark deleted [
110 silly reify   '/Users/franccescobuscicchio/Desktop/rituali-creativi-nuxt/node_modules/@oxc-transform/binding-wasm32-wasi'
110 silly reify ]
111 verbose reify failed optional dependency /Users/franccescobuscicchio/Desktop/rituali-creativi-nuxt/node_modules/@oxc-transform/binding-openharmony-arm64
112 silly reify mark deleted [
112 silly reify   '/Users/franccescobuscicchio/Desktop/rituali-creativi-nuxt/node_modules/@oxc-transform/binding-openharmony-arm64'
112 silly reify ]
113 verbose reify failed optional dependency /Users/franccescobuscicchio/Desktop/rituali-creativi-nuxt/node_modules/@oxc-transform/binding-linux-x64-musl
114 silly reify mark deleted [
114 silly reify   '/Users/franccescobuscicchio/Desktop/rituali-creativi-nuxt/node_modules/@oxc-transform/binding-linux-x64-musl'
114 silly reify ]
115 verbose reify failed optional dependency /Users/franccescobuscicchio/Desktop/rituali-creativi-nuxt/node_modules/@oxc-transform/binding-linux-x64-gnu
116 silly reify mark deleted [
116 silly reify   '/Users/franccescobuscicchio/Desktop/rituali-creativi-nuxt/node_modules/@oxc-transform/binding-linux-x64-gnu'
116 silly reify ]
117 verbose reify failed optional dependency /Users/franccescobuscicchio/Desktop/rituali-creativi-nuxt/node_modules/@oxc-transform/binding-linux-s390x-gnu
118 silly reify mark deleted [
118 silly reify   '/Users/franccescobuscicchio/Desktop/rituali-creativi-nuxt/node_modules/@oxc-transform/binding-linux-s390x-gnu'
118 silly reify ]
119 verbose reify failed optional dependency /Users/franccescobuscicchio/Desktop/rituali-creativi-nuxt/node_modules/@oxc-transform/binding-linux-riscv64-musl
120 silly reify mark deleted [
120 silly reify   '/Users/franccescobuscicchio/Desktop/rituali-creativi-nuxt/node_modules/@oxc-transform/binding-linux-riscv64-musl'
120 silly reify ]
121 verbose reify failed optional dependency /Users/franccescobuscicchio/Desktop/rituali-creativi-nuxt/node_modules/@oxc-transform/binding-linux-riscv64-gnu
122 silly reify mark deleted [
122 silly reify   '/Users/franccescobuscicchio/Desktop/rituali-creativi-nuxt/node_modules/@oxc-transform/binding-linux-riscv64-gnu'
122 silly reify ]
123 verbose reify failed optional dependency /Users/franccescobuscicchio/Desktop/rituali-creativi-nuxt/node_modules/@oxc-transform/binding-linux-ppc64-gnu
124 silly reify mark deleted [
124 silly reify   '/Users/franccescobuscicchio/Desktop/rituali-creativi-nuxt/node_modules/@oxc-transform/binding-linux-ppc64-gnu'
124 silly reify ]
125 verbose reify failed optional dependency /Users/franccescobuscicchio/Desktop/rituali-creativi-nuxt/node_modules/@oxc-transform/binding-linux-arm64-musl
126 silly reify mark deleted [
126 silly reify   '/Users/franccescobuscicchio/Desktop/rituali-creativi-nuxt/node_modules/@oxc-transform/binding-linux-arm64-musl'
126 silly reify ]
127 verbose reify failed optional dependency /Users/franccescobuscicchio/Desktop/rituali-creativi-nuxt/node_modules/@oxc-transform/binding-linux-arm64-gnu
128 silly reify mark deleted [
128 silly reify   '/Users/franccescobuscicchio/Desktop/rituali-creativi-nuxt/node_modules/@oxc-transform/binding-linux-arm64-gnu'
128 silly reify ]
129 verbose reify failed optional dependency /Users/franccescobuscicchio/Desktop/rituali-creativi-nuxt/node_modules/@oxc-transform/binding-linux-arm-musleabihf
130 silly reify mark deleted [
130 silly reify   '/Users/franccescobuscicchio/Desktop/rituali-creativi-nuxt/node_modules/@oxc-transform/binding-linux-arm-musleabihf'
130 silly reify ]
131 verbose reify failed optional dependency /Users/franccescobuscicchio/Desktop/rituali-creativi-nuxt/node_modules/@oxc-transform/binding-linux-arm-gnueabihf
132 silly reify mark deleted [
132 silly reify   '/Users/franccescobuscicchio/Desktop/rituali-creativi-nuxt/node_modules/@oxc-transform/binding-linux-arm-gnueabihf'
132 silly reify ]
133 verbose reify failed optional dependency /Users/franccescobuscicchio/Desktop/rituali-creativi-nuxt/node_modules/@oxc-transform/binding-freebsd-x64
134 silly reify mark deleted [
134 silly reify   '/Users/franccescobuscicchio/Desktop/rituali-creativi-nuxt/node_modules/@oxc-transform/binding-freebsd-x64'
134 silly reify ]
135 verbose reify failed optional dependency /Users/franccescobuscicchio/Desktop/rituali-creativi-nuxt/node_modules/@oxc-transform/binding-darwin-x64
136 silly reify mark deleted [
136 silly reify   '/Users/franccescobuscicchio/Desktop/rituali-creativi-nuxt/node_modules/@oxc-transform/binding-darwin-x64'
136 silly reify ]
137 verbose reify failed optional dependency /Users/franccescobuscicchio/Desktop/rituali-creativi-nuxt/node_modules/@oxc-transform/binding-android-arm64
138 silly reify mark deleted [
138 silly reify   '/Users/franccescobuscicchio/Desktop/rituali-creativi-nuxt/node_modules/@oxc-transform/binding-android-arm64'
138 silly reify ]
139 verbose reify failed optional dependency /Users/franccescobuscicchio/Desktop/rituali-creativi-nuxt/node_modules/@oxc-transform/binding-android-arm-eabi
140 silly reify mark deleted [
140 silly reify   '/Users/franccescobuscicchio/Desktop/rituali-creativi-nuxt/node_modules/@oxc-transform/binding-android-arm-eabi'
140 silly reify ]
141 verbose reify failed optional dependency /Users/franccescobuscicchio/Desktop/rituali-creativi-nuxt/node_modules/@oxc-parser/binding-win32-x64-msvc
142 silly reify mark deleted [
142 silly reify   '/Users/franccescobuscicchio/Desktop/rituali-creativi-nuxt/node_modules/@oxc-parser/binding-win32-x64-msvc'
142 silly reify ]
143 verbose reify failed optional dependency /Users/franccescobuscicchio/Desktop/rituali-creativi-nuxt/node_modules/@oxc-parser/binding-win32-ia32-msvc
144 silly reify mark deleted [
144 silly reify   '/Users/franccescobuscicchio/Desktop/rituali-creativi-nuxt/node_modules/@oxc-parser/binding-win32-ia32-msvc'
144 silly reify ]
145 verbose reify failed optional dependency /Users/franccescobuscicchio/Desktop/rituali-creativi-nuxt/node_modules/@oxc-parser/binding-win32-arm64-msvc
146 silly reify mark deleted [
146 silly reify   '/Users/franccescobuscicchio/Desktop/rituali-creativi-nuxt/node_modules/@oxc-parser/binding-win32-arm64-msvc'
146 silly reify ]
147 verbose reify failed optional dependency /Users/franccescobuscicchio/Desktop/rituali-creativi-nuxt/node_modules/@oxc-parser/binding-wasm32-wasi
148 silly reify mark deleted [
148 silly reify   '/Users/franccescobuscicchio/Desktop/rituali-creativi-nuxt/node_modules/@oxc-parser/binding-wasm32-wasi'
148 silly reify ]
149 verbose reify failed optional dependency /Users/franccescobuscicchio/Desktop/rituali-creativi-nuxt/node_modules/@oxc-parser/binding-openharmony-arm64
150 silly reify mark deleted [
150 silly reify   '/Users/franccescobuscicchio/Desktop/rituali-creativi-nuxt/node_modules/@oxc-parser/binding-openharmony-arm64'
150 silly reify ]
151 verbose reify failed optional dependency /Users/franccescobuscicchio/Desktop/rituali-creativi-nuxt/node_modules/@oxc-parser/binding-linux-x64-musl
152 silly reify mark deleted [
152 silly reify   '/Users/franccescobuscicchio/Desktop/rituali-creativi-nuxt/node_modules/@oxc-parser/binding-linux-x64-musl'
152 silly reify ]
153 verbose reify failed optional dependency /Users/franccescobuscicchio/Desktop/rituali-creativi-nuxt/node_modules/@oxc-parser/binding-linux-x64-gnu
154 silly reify mark deleted [
154 silly reify   '/Users/franccescobuscicchio/Desktop/rituali-creativi-nuxt/node_modules/@oxc-parser/binding-linux-x64-gnu'
154 silly reify ]
155 verbose reify failed optional dependency /Users/franccescobuscicchio/Desktop/rituali-creativi-nuxt/node_modules/@oxc-parser/binding-linux-s390x-gnu
156 silly reify mark deleted [
156 silly reify   '/Users/franccescobuscicchio/Desktop/rituali-creativi-nuxt/node_modules/@oxc-parser/binding-linux-s390x-gnu'
156 silly reify ]
157 verbose reify failed optional dependency /Users/franccescobuscicchio/Desktop/rituali-creativi-nuxt/node_modules/@oxc-parser/binding-linux-riscv64-musl
158 silly reify mark deleted [
158 silly reify   '/Users/franccescobuscicchio/Desktop/rituali-creativi-nuxt/node_modules/@oxc-parser/binding-linux-riscv64-musl'
158 silly reify ]
159 verbose reify failed optional dependency /Users/franccescobuscicchio/Desktop/rituali-creativi-nuxt/node_modules/@oxc-parser/binding-linux-riscv64-gnu
160 silly reify mark deleted [
160 silly reify   '/Users/franccescobuscicchio/Desktop/rituali-creativi-nuxt/node_modules/@oxc-parser/binding-linux-riscv64-gnu'
160 silly reify ]
161 verbose reify failed optional dependency /Users/franccescobuscicchio/Desktop/rituali-creativi-nuxt/node_modules/@oxc-parser/binding-linux-ppc64-gnu
162 silly reify mark deleted [
162 silly reify   '/Users/franccescobuscicchio/Desktop/rituali-creativi-nuxt/node_modules/@oxc-parser/binding-linux-ppc64-gnu'
162 silly reify ]
163 verbose reify failed optional dependency /Users/franccescobuscicchio/Desktop/rituali-creativi-nuxt/node_modules/@oxc-parser/binding-linux-arm64-musl
164 silly reify mark deleted [
164 silly reify   '/Users/franccescobuscicchio/Desktop/rituali-creativi-nuxt/node_modules/@oxc-parser/binding-linux-arm64-musl'
164 silly reify ]
165 verbose reify failed optional dependency /Users/franccescobuscicchio/Desktop/rituali-creativi-nuxt/node_modules/@oxc-parser/binding-linux-arm64-gnu
166 silly reify mark deleted [
166 silly reify   '/Users/franccescobuscicchio/Desktop/rituali-creativi-nuxt/node_modules/@oxc-parser/binding-linux-arm64-gnu'
166 silly reify ]
167 verbose reify failed optional dependency /Users/franccescobuscicchio/Desktop/rituali-creativi-nuxt/node_modules/@oxc-parser/binding-linux-arm-musleabihf
168 silly reify mark deleted [
168 silly reify   '/Users/franccescobuscicchio/Desktop/rituali-creativi-nuxt/node_modules/@oxc-parser/binding-linux-arm-musleabihf'
168 silly reify ]
169 verbose reify failed optional dependency /Users/franccescobuscicchio/Desktop/rituali-creativi-nuxt/node_modules/@oxc-parser/binding-linux-arm-gnueabihf
170 silly reify mark deleted [
170 silly reify   '/Users/franccescobuscicchio/Desktop/rituali-creativi-nuxt/node_modules/@oxc-parser/binding-linux-arm-gnueabihf'
170 silly reify ]
171 verbose reify failed optional dependency /Users/franccescobuscicchio/Desktop/rituali-creativi-nuxt/node_modules/@oxc-parser/binding-freebsd-x64
172 silly reify mark deleted [
172 silly reify   '/Users/franccescobuscicchio/Desktop/rituali-creativi-nuxt/node_modules/@oxc-parser/binding-freebsd-x64'
172 silly reify ]
173 verbose reify failed optional dependency /Users/franccescobuscicchio/Desktop/rituali-creativi-nuxt/node_modules/@oxc-parser/binding-darwin-x64
174 silly reify mark deleted [
174 silly reify   '/Users/franccescobuscicchio/Desktop/rituali-creativi-nuxt/node_modules/@oxc-parser/binding-darwin-x64'
174 silly reify ]
175 verbose reify failed optional dependency /Users/franccescobuscicchio/Desktop/rituali-creativi-nuxt/node_modules/@oxc-parser/binding-android-arm64
176 silly reify mark deleted [
176 silly reify   '/Users/franccescobuscicchio/Desktop/rituali-creativi-nuxt/node_modules/@oxc-parser/binding-android-arm64'
176 silly reify ]
177 verbose reify failed optional dependency /Users/franccescobuscicchio/Desktop/rituali-creativi-nuxt/node_modules/@oxc-parser/binding-android-arm-eabi
178 silly reify mark deleted [
178 silly reify   '/Users/franccescobuscicchio/Desktop/rituali-creativi-nuxt/node_modules/@oxc-parser/binding-android-arm-eabi'
178 silly reify ]
179 verbose reify failed optional dependency /Users/franccescobuscicchio/Desktop/rituali-creativi-nuxt/node_modules/@oxc-minify/binding-win32-x64-msvc
180 silly reify mark deleted [
180 silly reify   '/Users/franccescobuscicchio/Desktop/rituali-creativi-nuxt/node_modules/@oxc-minify/binding-win32-x64-msvc'
180 silly reify ]
181 verbose reify failed optional dependency /Users/franccescobuscicchio/Desktop/rituali-creativi-nuxt/node_modules/@oxc-minify/binding-win32-ia32-msvc
182 silly reify mark deleted [
182 silly reify   '/Users/franccescobuscicchio/Desktop/rituali-creativi-nuxt/node_modules/@oxc-minify/binding-win32-ia32-msvc'
182 silly reify ]
183 verbose reify failed optional dependency /Users/franccescobuscicchio/Desktop/rituali-creativi-nuxt/node_modules/@oxc-minify/binding-win32-arm64-msvc
184 silly reify mark deleted [
184 silly reify   '/Users/franccescobuscicchio/Desktop/rituali-creativi-nuxt/node_modules/@oxc-minify/binding-win32-arm64-msvc'
184 silly reify ]
185 verbose reify failed optional dependency /Users/franccescobuscicchio/Desktop/rituali-creativi-nuxt/node_modules/@oxc-minify/binding-wasm32-wasi
186 silly reify mark deleted [
186 silly reify   '/Users/franccescobuscicchio/Desktop/rituali-creativi-nuxt/node_modules/@oxc-minify/binding-wasm32-wasi'
186 silly reify ]
187 verbose reify failed optional dependency /Users/franccescobuscicchio/Desktop/rituali-creativi-nuxt/node_modules/@oxc-minify/binding-openharmony-arm64
188 silly reify mark deleted [
188 silly reify   '/Users/franccescobuscicchio/Desktop/rituali-creativi-nuxt/node_modules/@oxc-minify/binding-openharmony-arm64'
188 silly reify ]
189 verbose reify failed optional dependency /Users/franccescobuscicchio/Desktop/rituali-creativi-nuxt/node_modules/@oxc-minify/binding-linux-x64-musl
190 silly reify mark deleted [
190 silly reify   '/Users/franccescobuscicchio/Desktop/rituali-creativi-nuxt/node_modules/@oxc-minify/binding-linux-x64-musl'
190 silly reify ]
191 verbose reify failed optional dependency /Users/franccescobuscicchio/Desktop/rituali-creativi-nuxt/node_modules/@oxc-minify/binding-linux-x64-gnu
192 silly reify mark deleted [
192 silly reify   '/Users/franccescobuscicchio/Desktop/rituali-creativi-nuxt/node_modules/@oxc-minify/binding-linux-x64-gnu'
192 silly reify ]
193 verbose reify failed optional dependency /Users/franccescobuscicchio/Desktop/rituali-creativi-nuxt/node_modules/@oxc-minify/binding-linux-s390x-gnu
194 silly reify mark deleted [
194 silly reify   '/Users/franccescobuscicchio/Desktop/rituali-creativi-nuxt/node_modules/@oxc-minify/binding-linux-s390x-gnu'
194 silly reify ]
195 verbose reify failed optional dependency /Users/franccescobuscicchio/Desktop/rituali-creativi-nuxt/node_modules/@oxc-minify/binding-linux-riscv64-musl
196 silly reify mark deleted [
196 silly reify   '/Users/franccescobuscicchio/Desktop/rituali-creativi-nuxt/node_modules/@oxc-minify/binding-linux-riscv64-musl'
196 silly reify ]
197 verbose reify failed optional dependency /Users/franccescobuscicchio/Desktop/rituali-creativi-nuxt/node_modules/@oxc-minify/binding-linux-riscv64-gnu
198 silly reify mark deleted [
198 silly reify   '/Users/franccescobuscicchio/Desktop/rituali-creativi-nuxt/node_modules/@oxc-minify/binding-linux-riscv64-gnu'
198 silly reify ]
199 verbose reify failed optional dependency /Users/franccescobuscicchio/Desktop/rituali-creativi-nuxt/node_modules/@oxc-minify/binding-linux-ppc64-gnu
200 silly reify mark deleted [
200 silly reify   '/Users/franccescobuscicchio/Desktop/rituali-creativi-nuxt/node_modules/@oxc-minify/binding-linux-ppc64-gnu'
200 silly reify ]
201 verbose reify failed optional dependency /Users/franccescobuscicchio/Desktop/rituali-creativi-nuxt/node_modules/@oxc-minify/binding-linux-arm64-musl
202 silly reify mark deleted [
202 silly reify   '/Users/franccescobuscicchio/Desktop/rituali-creativi-nuxt/node_modules/@oxc-minify/binding-linux-arm64-musl'
202 silly reify ]
203 verbose reify failed optional dependency /Users/franccescobuscicchio/Desktop/rituali-creativi-nuxt/node_modules/@oxc-minify/binding-linux-arm64-gnu
204 silly reify mark deleted [
204 silly reify   '/Users/franccescobuscicchio/Desktop/rituali-creativi-nuxt/node_modules/@oxc-minify/binding-linux-arm64-gnu'
204 silly reify ]
205 verbose reify failed optional dependency /Users/franccescobuscicchio/Desktop/rituali-creativi-nuxt/node_modules/@oxc-minify/binding-linux-arm-musleabihf
206 silly reify mark deleted [
206 silly reify   '/Users/franccescobuscicchio/Desktop/rituali-creativi-nuxt/node_modules/@oxc-minify/binding-linux-arm-musleabihf'
206 silly reify ]
207 verbose reify failed optional dependency /Users/franccescobuscicchio/Desktop/rituali-creativi-nuxt/node_modules/@oxc-minify/binding-linux-arm-gnueabihf
208 silly reify mark deleted [
208 silly reify   '/Users/franccescobuscicchio/Desktop/rituali-creativi-nuxt/node_modules/@oxc-minify/binding-linux-arm-gnueabihf'
208 silly reify ]
209 verbose reify failed optional dependency /Users/franccescobuscicchio/Desktop/rituali-creativi-nuxt/node_modules/@oxc-minify/binding-freebsd-x64
210 silly reify mark deleted [
210 silly reify   '/Users/franccescobuscicchio/Desktop/rituali-creativi-nuxt/node_modules/@oxc-minify/binding-freebsd-x64'
210 silly reify ]
211 verbose reify failed optional dependency /Users/franccescobuscicchio/Desktop/rituali-creativi-nuxt/node_modules/@oxc-minify/binding-darwin-x64
212 silly reify mark deleted [
212 silly reify   '/Users/franccescobuscicchio/Desktop/rituali-creativi-nuxt/node_modules/@oxc-minify/binding-darwin-x64'
212 silly reify ]
213 verbose reify failed optional dependency /Users/franccescobuscicchio/Desktop/rituali-creativi-nuxt/node_modules/@oxc-minify/binding-android-arm64
214 silly reify mark deleted [
214 silly reify   '/Users/franccescobuscicchio/Desktop/rituali-creativi-nuxt/node_modules/@oxc-minify/binding-android-arm64'
214 silly reify ]
215 verbose reify failed optional dependency /Users/franccescobuscicchio/Desktop/rituali-creativi-nuxt/node_modules/@oxc-minify/binding-android-arm-eabi
216 silly reify mark deleted [
216 silly reify   '/Users/franccescobuscicchio/Desktop/rituali-creativi-nuxt/node_modules/@oxc-minify/binding-android-arm-eabi'
216 silly reify ]
217 verbose reify failed optional dependency /Users/franccescobuscicchio/Desktop/rituali-creativi-nuxt/node_modules/@esbuild/win32-x64
218 silly reify mark deleted [
218 silly reify   '/Users/franccescobuscicchio/Desktop/rituali-creativi-nuxt/node_modules/@esbuild/win32-x64'
218 silly reify ]
219 verbose reify failed optional dependency /Users/franccescobuscicchio/Desktop/rituali-creativi-nuxt/node_modules/@esbuild/win32-ia32
220 silly reify mark deleted [
220 silly reify   '/Users/franccescobuscicchio/Desktop/rituali-creativi-nuxt/node_modules/@esbuild/win32-ia32'
220 silly reify ]
221 verbose reify failed optional dependency /Users/franccescobuscicchio/Desktop/rituali-creativi-nuxt/node_modules/@esbuild/win32-arm64
222 silly reify mark deleted [
222 silly reify   '/Users/franccescobuscicchio/Desktop/rituali-creativi-nuxt/node_modules/@esbuild/win32-arm64'
222 silly reify ]
223 verbose reify failed optional dependency /Users/franccescobuscicchio/Desktop/rituali-creativi-nuxt/node_modules/@esbuild/sunos-x64
224 silly reify mark deleted [
224 silly reify   '/Users/franccescobuscicchio/Desktop/rituali-creativi-nuxt/node_modules/@esbuild/sunos-x64'
224 silly reify ]
225 verbose reify failed optional dependency /Users/franccescobuscicchio/Desktop/rituali-creativi-nuxt/node_modules/@esbuild/openharmony-arm64
226 silly reify mark deleted [
226 silly reify   '/Users/franccescobuscicchio/Desktop/rituali-creativi-nuxt/node_modules/@esbuild/openharmony-arm64'
226 silly reify ]
227 verbose reify failed optional dependency /Users/franccescobuscicchio/Desktop/rituali-creativi-nuxt/node_modules/@esbuild/openbsd-x64
228 silly reify mark deleted [
228 silly reify   '/Users/franccescobuscicchio/Desktop/rituali-creativi-nuxt/node_modules/@esbuild/openbsd-x64'
228 silly reify ]
229 verbose reify failed optional dependency /Users/franccescobuscicchio/Desktop/rituali-creativi-nuxt/node_modules/@esbuild/openbsd-arm64
230 silly reify mark deleted [
230 silly reify   '/Users/franccescobuscicchio/Desktop/rituali-creativi-nuxt/node_modules/@esbuild/openbsd-arm64'
230 silly reify ]
231 verbose reify failed optional dependency /Users/franccescobuscicchio/Desktop/rituali-creativi-nuxt/node_modules/@esbuild/netbsd-x64
232 silly reify mark deleted [
232 silly reify   '/Users/franccescobuscicchio/Desktop/rituali-creativi-nuxt/node_modules/@esbuild/netbsd-x64'
232 silly reify ]
233 verbose reify failed optional dependency /Users/franccescobuscicchio/Desktop/rituali-creativi-nuxt/node_modules/@esbuild/netbsd-arm64
234 silly reify mark deleted [
234 silly reify   '/Users/franccescobuscicchio/Desktop/rituali-creativi-nuxt/node_modules/@esbuild/netbsd-arm64'
234 silly reify ]
235 verbose reify failed optional dependency /Users/franccescobuscicchio/Desktop/rituali-creativi-nuxt/node_modules/@esbuild/linux-x64
236 silly reify mark deleted [
236 silly reify   '/Users/franccescobuscicchio/Desktop/rituali-creativi-nuxt/node_modules/@esbuild/linux-x64'
236 silly reify ]
237 verbose reify failed optional dependency /Users/franccescobuscicchio/Desktop/rituali-creativi-nuxt/node_modules/@esbuild/linux-s390x
238 silly reify mark deleted [
238 silly reify   '/Users/franccescobuscicchio/Desktop/rituali-creativi-nuxt/node_modules/@esbuild/linux-s390x'
238 silly reify ]
239 verbose reify failed optional dependency /Users/franccescobuscicchio/Desktop/rituali-creativi-nuxt/node_modules/@esbuild/linux-riscv64
240 silly reify mark deleted [
240 silly reify   '/Users/franccescobuscicchio/Desktop/rituali-creativi-nuxt/node_modules/@esbuild/linux-riscv64'
240 silly reify ]
241 verbose reify failed optional dependency /Users/franccescobuscicchio/Desktop/rituali-creativi-nuxt/node_modules/@esbuild/linux-ppc64
242 silly reify mark deleted [
242 silly reify   '/Users/franccescobuscicchio/Desktop/rituali-creativi-nuxt/node_modules/@esbuild/linux-ppc64'
242 silly reify ]
243 verbose reify failed optional dependency /Users/franccescobuscicchio/Desktop/rituali-creativi-nuxt/node_modules/@esbuild/linux-mips64el
244 silly reify mark deleted [
244 silly reify   '/Users/franccescobuscicchio/Desktop/rituali-creativi-nuxt/node_modules/@esbuild/linux-mips64el'
244 silly reify ]
245 verbose reify failed optional dependency /Users/franccescobuscicchio/Desktop/rituali-creativi-nuxt/node_modules/@esbuild/linux-loong64
246 silly reify mark deleted [
246 silly reify   '/Users/franccescobuscicchio/Desktop/rituali-creativi-nuxt/node_modules/@esbuild/linux-loong64'
246 silly reify ]
247 verbose reify failed optional dependency /Users/franccescobuscicchio/Desktop/rituali-creativi-nuxt/node_modules/@esbuild/linux-ia32
248 silly reify mark deleted [
248 silly reify   '/Users/franccescobuscicchio/Desktop/rituali-creativi-nuxt/node_modules/@esbuild/linux-ia32'
248 silly reify ]
249 verbose reify failed optional dependency /Users/franccescobuscicchio/Desktop/rituali-creativi-nuxt/node_modules/@esbuild/linux-arm64
250 silly reify mark deleted [
250 silly reify   '/Users/franccescobuscicchio/Desktop/rituali-creativi-nuxt/node_modules/@esbuild/linux-arm64'
250 silly reify ]
251 verbose reify failed optional dependency /Users/franccescobuscicchio/Desktop/rituali-creativi-nuxt/node_modules/@esbuild/linux-arm
252 silly reify mark deleted [
252 silly reify   '/Users/franccescobuscicchio/Desktop/rituali-creativi-nuxt/node_modules/@esbuild/linux-arm'
252 silly reify ]
253 verbose reify failed optional dependency /Users/franccescobuscicchio/Desktop/rituali-creativi-nuxt/node_modules/@esbuild/freebsd-x64
254 silly reify mark deleted [
254 silly reify   '/Users/franccescobuscicchio/Desktop/rituali-creativi-nuxt/node_modules/@esbuild/freebsd-x64'
254 silly reify ]
255 verbose reify failed optional dependency /Users/franccescobuscicchio/Desktop/rituali-creativi-nuxt/node_modules/@esbuild/freebsd-arm64
256 silly reify mark deleted [
256 silly reify   '/Users/franccescobuscicchio/Desktop/rituali-creativi-nuxt/node_modules/@esbuild/freebsd-arm64'
256 silly reify ]
257 verbose reify failed optional dependency /Users/franccescobuscicchio/Desktop/rituali-creativi-nuxt/node_modules/@esbuild/darwin-x64
258 silly reify mark deleted [
258 silly reify   '/Users/franccescobuscicchio/Desktop/rituali-creativi-nuxt/node_modules/@esbuild/darwin-x64'
258 silly reify ]
259 verbose reify failed optional dependency /Users/franccescobuscicchio/Desktop/rituali-creativi-nuxt/node_modules/@esbuild/android-x64
260 silly reify mark deleted [
260 silly reify   '/Users/franccescobuscicchio/Desktop/rituali-creativi-nuxt/node_modules/@esbuild/android-x64'
260 silly reify ]
261 verbose reify failed optional dependency /Users/franccescobuscicchio/Desktop/rituali-creativi-nuxt/node_modules/@esbuild/android-arm64
262 silly reify mark deleted [
262 silly reify   '/Users/franccescobuscicchio/Desktop/rituali-creativi-nuxt/node_modules/@esbuild/android-arm64'
262 silly reify ]
263 verbose reify failed optional dependency /Users/franccescobuscicchio/Desktop/rituali-creativi-nuxt/node_modules/@esbuild/android-arm
264 silly reify mark deleted [
264 silly reify   '/Users/franccescobuscicchio/Desktop/rituali-creativi-nuxt/node_modules/@esbuild/android-arm'
264 silly reify ]
265 verbose reify failed optional dependency /Users/franccescobuscicchio/Desktop/rituali-creativi-nuxt/node_modules/@esbuild/aix-ppc64
266 silly reify mark deleted [
266 silly reify   '/Users/franccescobuscicchio/Desktop/rituali-creativi-nuxt/node_modules/@esbuild/aix-ppc64'
266 silly reify ]
267 verbose reify failed optional dependency /Users/franccescobuscicchio/Desktop/rituali-creativi-nuxt/node_modules/vite/node_modules/@esbuild/win32-x64
268 silly reify mark deleted [
268 silly reify   '/Users/franccescobuscicchio/Desktop/rituali-creativi-nuxt/node_modules/vite/node_modules/@esbuild/win32-x64'
268 silly reify ]
269 verbose reify failed optional dependency /Users/franccescobuscicchio/Desktop/rituali-creativi-nuxt/node_modules/vite/node_modules/@esbuild/win32-ia32
270 silly reify mark deleted [
270 silly reify   '/Users/franccescobuscicchio/Desktop/rituali-creativi-nuxt/node_modules/vite/node_modules/@esbuild/win32-ia32'
270 silly reify ]
271 verbose reify failed optional dependency /Users/franccescobuscicchio/Desktop/rituali-creativi-nuxt/node_modules/vite/node_modules/@esbuild/win32-arm64
272 silly reify mark deleted [
272 silly reify   '/Users/franccescobuscicchio/Desktop/rituali-creativi-nuxt/node_modules/vite/node_modules/@esbuild/win32-arm64'
272 silly reify ]
273 verbose reify failed optional dependency /Users/franccescobuscicchio/Desktop/rituali-creativi-nuxt/node_modules/vite/node_modules/@esbuild/sunos-x64
274 silly reify mark deleted [
274 silly reify   '/Users/franccescobuscicchio/Desktop/rituali-creativi-nuxt/node_modules/vite/node_modules/@esbuild/sunos-x64'
274 silly reify ]
275 verbose reify failed optional dependency /Users/franccescobuscicchio/Desktop/rituali-creativi-nuxt/node_modules/vite/node_modules/@esbuild/openharmony-arm64
276 silly reify mark deleted [
276 silly reify   '/Users/franccescobuscicchio/Desktop/rituali-creativi-nuxt/node_modules/vite/node_modules/@esbuild/openharmony-arm64'
276 silly reify ]
277 verbose reify failed optional dependency /Users/franccescobuscicchio/Desktop/rituali-creativi-nuxt/node_modules/vite/node_modules/@esbuild/openbsd-x64
278 silly reify mark deleted [
278 silly reify   '/Users/franccescobuscicchio/Desktop/rituali-creativi-nuxt/node_modules/vite/node_modules/@esbuild/openbsd-x64'
278 silly reify ]
279 verbose reify failed optional dependency /Users/franccescobuscicchio/Desktop/rituali-creativi-nuxt/node_modules/vite/node_modules/@esbuild/openbsd-arm64
280 silly reify mark deleted [
280 silly reify   '/Users/franccescobuscicchio/Desktop/rituali-creativi-nuxt/node_modules/vite/node_modules/@esbuild/openbsd-arm64'
280 silly reify ]
281 verbose reify failed optional dependency /Users/franccescobuscicchio/Desktop/rituali-creativi-nuxt/node_modules/vite/node_modules/@esbuild/netbsd-x64
282 silly reify mark deleted [
282 silly reify   '/Users/franccescobuscicchio/Desktop/rituali-creativi-nuxt/node_modules/vite/node_modules/@esbuild/netbsd-x64'
282 silly reify ]
283 verbose reify failed optional dependency /Users/franccescobuscicchio/Desktop/rituali-creativi-nuxt/node_modules/vite/node_modules/@esbuild/netbsd-arm64
284 silly reify mark deleted [
284 silly reify   '/Users/franccescobuscicchio/Desktop/rituali-creativi-nuxt/node_modules/vite/node_modules/@esbuild/netbsd-arm64'
284 silly reify ]
285 verbose reify failed optional dependency /Users/franccescobuscicchio/Desktop/rituali-creativi-nuxt/node_modules/vite/node_modules/@esbuild/linux-x64
286 silly reify mark deleted [
286 silly reify   '/Users/franccescobuscicchio/Desktop/rituali-creativi-nuxt/node_modules/vite/node_modules/@esbuild/linux-x64'
286 silly reify ]
287 verbose reify failed optional dependency /Users/franccescobuscicchio/Desktop/rituali-creativi-nuxt/node_modules/vite/node_modules/@esbuild/linux-s390x
288 silly reify mark deleted [
288 silly reify   '/Users/franccescobuscicchio/Desktop/rituali-creativi-nuxt/node_modules/vite/node_modules/@esbuild/linux-s390x'
288 silly reify ]
289 verbose reify failed optional dependency /Users/franccescobuscicchio/Desktop/rituali-creativi-nuxt/node_modules/vite/node_modules/@esbuild/linux-riscv64
290 silly reify mark deleted [
290 silly reify   '/Users/franccescobuscicchio/Desktop/rituali-creativi-nuxt/node_modules/vite/node_modules/@esbuild/linux-riscv64'
290 silly reify ]
291 verbose reify failed optional dependency /Users/franccescobuscicchio/Desktop/rituali-creativi-nuxt/node_modules/vite/node_modules/@esbuild/linux-ppc64
292 silly reify mark deleted [
292 silly reify   '/Users/franccescobuscicchio/Desktop/rituali-creativi-nuxt/node_modules/vite/node_modules/@esbuild/linux-ppc64'
292 silly reify ]
293 verbose reify failed optional dependency /Users/franccescobuscicchio/Desktop/rituali-creativi-nuxt/node_modules/vite/node_modules/@esbuild/linux-mips64el
294 silly reify mark deleted [
294 silly reify   '/Users/franccescobuscicchio/Desktop/rituali-creativi-nuxt/node_modules/vite/node_modules/@esbuild/linux-mips64el'
294 silly reify ]
295 verbose reify failed optional dependency /Users/franccescobuscicchio/Desktop/rituali-creativi-nuxt/node_modules/vite/node_modules/@esbuild/linux-loong64
296 silly reify mark deleted [
296 silly reify   '/Users/franccescobuscicchio/Desktop/rituali-creativi-nuxt/node_modules/vite/node_modules/@esbuild/linux-loong64'
296 silly reify ]
297 verbose reify failed optional dependency /Users/franccescobuscicchio/Desktop/rituali-creativi-nuxt/node_modules/vite/node_modules/@esbuild/linux-ia32
298 silly reify mark deleted [
298 silly reify   '/Users/franccescobuscicchio/Desktop/rituali-creativi-nuxt/node_modules/vite/node_modules/@esbuild/linux-ia32'
298 silly reify ]
299 verbose reify failed optional dependency /Users/franccescobuscicchio/Desktop/rituali-creativi-nuxt/node_modules/vite/node_modules/@esbuild/linux-arm64
300 silly reify mark deleted [
300 silly reify   '/Users/franccescobuscicchio/Desktop/rituali-creativi-nuxt/node_modules/vite/node_modules/@esbuild/linux-arm64'
300 silly reify ]
301 verbose reify failed optional dependency /Users/franccescobuscicchio/Desktop/rituali-creativi-nuxt/node_modules/vite/node_modules/@esbuild/linux-arm
302 silly reify mark deleted [
302 silly reify   '/Users/franccescobuscicchio/Desktop/rituali-creativi-nuxt/node_modules/vite/node_modules/@esbuild/linux-arm'
302 silly reify ]
303 verbose reify failed optional dependency /Users/franccescobuscicchio/Desktop/rituali-creativi-nuxt/node_modules/vite/node_modules/@esbuild/freebsd-x64
304 silly reify mark deleted [
304 silly reify   '/Users/franccescobuscicchio/Desktop/rituali-creativi-nuxt/node_modules/vite/node_modules/@esbuild/freebsd-x64'
304 silly reify ]
305 verbose reify failed optional dependency /Users/franccescobuscicchio/Desktop/rituali-creativi-nuxt/node_modules/vite/node_modules/@esbuild/freebsd-arm64
306 silly reify mark deleted [
306 silly reify   '/Users/franccescobuscicchio/Desktop/rituali-creativi-nuxt/node_modules/vite/node_modules/@esbuild/freebsd-arm64'
306 silly reify ]
307 verbose reify failed optional dependency /Users/franccescobuscicchio/Desktop/rituali-creativi-nuxt/node_modules/vite/node_modules/@esbuild/darwin-x64
308 silly reify mark deleted [
308 silly reify   '/Users/franccescobuscicchio/Desktop/rituali-creativi-nuxt/node_modules/vite/node_modules/@esbuild/darwin-x64'
308 silly reify ]
309 verbose reify failed optional dependency /Users/franccescobuscicchio/Desktop/rituali-creativi-nuxt/node_modules/vite/node_modules/@esbuild/android-x64
310 silly reify mark deleted [
310 silly reify   '/Users/franccescobuscicchio/Desktop/rituali-creativi-nuxt/node_modules/vite/node_modules/@esbuild/android-x64'
310 silly reify ]
311 verbose reify failed optional dependency /Users/franccescobuscicchio/Desktop/rituali-creativi-nuxt/node_modules/vite/node_modules/@esbuild/android-arm64
312 silly reify mark deleted [
312 silly reify   '/Users/franccescobuscicchio/Desktop/rituali-creativi-nuxt/node_modules/vite/node_modules/@esbuild/android-arm64'
312 silly reify ]
313 verbose reify failed optional dependency /Users/franccescobuscicchio/Desktop/rituali-creativi-nuxt/node_modules/vite/node_modules/@esbuild/android-arm
314 silly reify mark deleted [
314 silly reify   '/Users/franccescobuscicchio/Desktop/rituali-creativi-nuxt/node_modules/vite/node_modules/@esbuild/android-arm'
314 silly reify ]
315 verbose reify failed optional dependency /Users/franccescobuscicchio/Desktop/rituali-creativi-nuxt/node_modules/vite/node_modules/@esbuild/aix-ppc64
316 silly reify mark deleted [
316 silly reify   '/Users/franccescobuscicchio/Desktop/rituali-creativi-nuxt/node_modules/vite/node_modules/@esbuild/aix-ppc64'
316 silly reify ]
317 verbose reify failed optional dependency /Users/franccescobuscicchio/Desktop/rituali-creativi-nuxt/node_modules/nitropack/node_modules/@esbuild/win32-x64
318 silly reify mark deleted [
318 silly reify   '/Users/franccescobuscicchio/Desktop/rituali-creativi-nuxt/node_modules/nitropack/node_modules/@esbuild/win32-x64'
318 silly reify ]
319 verbose reify failed optional dependency /Users/franccescobuscicchio/Desktop/rituali-creativi-nuxt/node_modules/nitropack/node_modules/@esbuild/win32-ia32
320 silly reify mark deleted [
320 silly reify   '/Users/franccescobuscicchio/Desktop/rituali-creativi-nuxt/node_modules/nitropack/node_modules/@esbuild/win32-ia32'
320 silly reify ]
321 verbose reify failed optional dependency /Users/franccescobuscicchio/Desktop/rituali-creativi-nuxt/node_modules/nitropack/node_modules/@esbuild/win32-arm64
322 silly reify mark deleted [
322 silly reify   '/Users/franccescobuscicchio/Desktop/rituali-creativi-nuxt/node_modules/nitropack/node_modules/@esbuild/win32-arm64'
322 silly reify ]
323 verbose reify failed optional dependency /Users/franccescobuscicchio/Desktop/rituali-creativi-nuxt/node_modules/nitropack/node_modules/@esbuild/sunos-x64
324 silly reify mark deleted [
324 silly reify   '/Users/franccescobuscicchio/Desktop/rituali-creativi-nuxt/node_modules/nitropack/node_modules/@esbuild/sunos-x64'
324 silly reify ]
325 verbose reify failed optional dependency /Users/franccescobuscicchio/Desktop/rituali-creativi-nuxt/node_modules/nitropack/node_modules/@esbuild/openharmony-arm64
326 silly reify mark deleted [
326 silly reify   '/Users/franccescobuscicchio/Desktop/rituali-creativi-nuxt/node_modules/nitropack/node_modules/@esbuild/openharmony-arm64'
326 silly reify ]
327 verbose reify failed optional dependency /Users/franccescobuscicchio/Desktop/rituali-creativi-nuxt/node_modules/nitropack/node_modules/@esbuild/openbsd-x64
328 silly reify mark deleted [
328 silly reify   '/Users/franccescobuscicchio/Desktop/rituali-creativi-nuxt/node_modules/nitropack/node_modules/@esbuild/openbsd-x64'
328 silly reify ]
329 verbose reify failed optional dependency /Users/franccescobuscicchio/Desktop/rituali-creativi-nuxt/node_modules/nitropack/node_modules/@esbuild/openbsd-arm64
330 silly reify mark deleted [
330 silly reify   '/Users/franccescobuscicchio/Desktop/rituali-creativi-nuxt/node_modules/nitropack/node_modules/@esbuild/openbsd-arm64'
330 silly reify ]
331 verbose reify failed optional dependency /Users/franccescobuscicchio/Desktop/rituali-creativi-nuxt/node_modules/nitropack/node_modules/@esbuild/netbsd-x64
332 silly reify mark deleted [
332 silly reify   '/Users/franccescobuscicchio/Desktop/rituali-creativi-nuxt/node_modules/nitropack/node_modules/@esbuild/netbsd-x64'
332 silly reify ]
333 verbose reify failed optional dependency /Users/franccescobuscicchio/Desktop/rituali-creativi-nuxt/node_modules/nitropack/node_modules/@esbuild/netbsd-arm64
334 silly reify mark deleted [
334 silly reify   '/Users/franccescobuscicchio/Desktop/rituali-creativi-nuxt/node_modules/nitropack/node_modules/@esbuild/netbsd-arm64'
334 silly reify ]
335 verbose reify failed optional dependency /Users/franccescobuscicchio/Desktop/rituali-creativi-nuxt/node_modules/nitropack/node_modules/@esbuild/linux-x64
336 silly reify mark deleted [
336 silly reify   '/Users/franccescobuscicchio/Desktop/rituali-creativi-nuxt/node_modules/nitropack/node_modules/@esbuild/linux-x64'
336 silly reify ]
337 verbose reify failed optional dependency /Users/franccescobuscicchio/Desktop/rituali-creativi-nuxt/node_modules/nitropack/node_modules/@esbuild/linux-s390x
338 silly reify mark deleted [
338 silly reify   '/Users/franccescobuscicchio/Desktop/rituali-creativi-nuxt/node_modules/nitropack/node_modules/@esbuild/linux-s390x'
338 silly reify ]
339 verbose reify failed optional dependency /Users/franccescobuscicchio/Desktop/rituali-creativi-nuxt/node_modules/nitropack/node_modules/@esbuild/linux-riscv64
340 silly reify mark deleted [
340 silly reify   '/Users/franccescobuscicchio/Desktop/rituali-creativi-nuxt/node_modules/nitropack/node_modules/@esbuild/linux-riscv64'
340 silly reify ]
341 verbose reify failed optional dependency /Users/franccescobuscicchio/Desktop/rituali-creativi-nuxt/node_modules/nitropack/node_modules/@esbuild/linux-ppc64
342 silly reify mark deleted [
342 silly reify   '/Users/franccescobuscicchio/Desktop/rituali-creativi-nuxt/node_modules/nitropack/node_modules/@esbuild/linux-ppc64'
342 silly reify ]
343 verbose reify failed optional dependency /Users/franccescobuscicchio/Desktop/rituali-creativi-nuxt/node_modules/nitropack/node_modules/@esbuild/linux-mips64el
344 silly reify mark deleted [
344 silly reify   '/Users/franccescobuscicchio/Desktop/rituali-creativi-nuxt/node_modules/nitropack/node_modules/@esbuild/linux-mips64el'
344 silly reify ]
345 verbose reify failed optional dependency /Users/franccescobuscicchio/Desktop/rituali-creativi-nuxt/node_modules/nitropack/node_modules/@esbuild/linux-loong64
346 silly reify mark deleted [
346 silly reify   '/Users/franccescobuscicchio/Desktop/rituali-creativi-nuxt/node_modules/nitropack/node_modules/@esbuild/linux-loong64'
346 silly reify ]
347 verbose reify failed optional dependency /Users/franccescobuscicchio/Desktop/rituali-creativi-nuxt/node_modules/nitropack/node_modules/@esbuild/linux-ia32
348 silly reify mark deleted [
348 silly reify   '/Users/franccescobuscicchio/Desktop/rituali-creativi-nuxt/node_modules/nitropack/node_modules/@esbuild/linux-ia32'
348 silly reify ]
349 verbose reify failed optional dependency /Users/franccescobuscicchio/Desktop/rituali-creativi-nuxt/node_modules/nitropack/node_modules/@esbuild/linux-arm64
350 silly reify mark deleted [
350 silly reify   '/Users/franccescobuscicchio/Desktop/rituali-creativi-nuxt/node_modules/nitropack/node_modules/@esbuild/linux-arm64'
350 silly reify ]
351 verbose reify failed optional dependency /Users/franccescobuscicchio/Desktop/rituali-creativi-nuxt/node_modules/nitropack/node_modules/@esbuild/linux-arm
352 silly reify mark deleted [
352 silly reify   '/Users/franccescobuscicchio/Desktop/rituali-creativi-nuxt/node_modules/nitropack/node_modules/@esbuild/linux-arm'
352 silly reify ]
353 verbose reify failed optional dependency /Users/franccescobuscicchio/Desktop/rituali-creativi-nuxt/node_modules/nitropack/node_modules/@esbuild/freebsd-x64
354 silly reify mark deleted [
354 silly reify   '/Users/franccescobuscicchio/Desktop/rituali-creativi-nuxt/node_modules/nitropack/node_modules/@esbuild/freebsd-x64'
354 silly reify ]
355 verbose reify failed optional dependency /Users/franccescobuscicchio/Desktop/rituali-creativi-nuxt/node_modules/nitropack/node_modules/@esbuild/freebsd-arm64
356 silly reify mark deleted [
356 silly reify   '/Users/franccescobuscicchio/Desktop/rituali-creativi-nuxt/node_modules/nitropack/node_modules/@esbuild/freebsd-arm64'
356 silly reify ]
357 verbose reify failed optional dependency /Users/franccescobuscicchio/Desktop/rituali-creativi-nuxt/node_modules/nitropack/node_modules/@esbuild/darwin-x64
358 silly reify mark deleted [
358 silly reify   '/Users/franccescobuscicchio/Desktop/rituali-creativi-nuxt/node_modules/nitropack/node_modules/@esbuild/darwin-x64'
358 silly reify ]
359 verbose reify failed optional dependency /Users/franccescobuscicchio/Desktop/rituali-creativi-nuxt/node_modules/nitropack/node_modules/@esbuild/android-x64
360 silly reify mark deleted [
360 silly reify   '/Users/franccescobuscicchio/Desktop/rituali-creativi-nuxt/node_modules/nitropack/node_modules/@esbuild/android-x64'
360 silly reify ]
361 verbose reify failed optional dependency /Users/franccescobuscicchio/Desktop/rituali-creativi-nuxt/node_modules/nitropack/node_modules/@esbuild/android-arm64
362 silly reify mark deleted [
362 silly reify   '/Users/franccescobuscicchio/Desktop/rituali-creativi-nuxt/node_modules/nitropack/node_modules/@esbuild/android-arm64'
362 silly reify ]
363 verbose reify failed optional dependency /Users/franccescobuscicchio/Desktop/rituali-creativi-nuxt/node_modules/nitropack/node_modules/@esbuild/android-arm
364 silly reify mark deleted [
364 silly reify   '/Users/franccescobuscicchio/Desktop/rituali-creativi-nuxt/node_modules/nitropack/node_modules/@esbuild/android-arm'
364 silly reify ]
365 verbose reify failed optional dependency /Users/franccescobuscicchio/Desktop/rituali-creativi-nuxt/node_modules/nitropack/node_modules/@esbuild/aix-ppc64
366 silly reify mark deleted [
366 silly reify   '/Users/franccescobuscicchio/Desktop/rituali-creativi-nuxt/node_modules/nitropack/node_modules/@esbuild/aix-ppc64'
366 silly reify ]
367 http cache commander@https://registry.npmjs.org/commander/-/commander-13.1.0.tgz 0ms (cache hit)
368 http cache @iconify-json/lucide@https://registry.npmjs.org/@iconify-json/lucide/-/lucide-1.2.106.tgz 0ms (cache hit)
369 http cache fsevents@https://registry.npmjs.org/fsevents/-/fsevents-2.3.3.tgz 0ms (cache hit)
370 http cache commander@https://registry.npmjs.org/commander/-/commander-11.1.0.tgz 0ms (cache hit)
371 silly tarball no local data for @iconify-json/lucide@https://registry.npmjs.org/@iconify-json/lucide/-/lucide-1.2.106.tgz. Extracting by manifest.
372 silly tarball no local data for commander@https://registry.npmjs.org/commander/-/commander-13.1.0.tgz. Extracting by manifest.
373 http fetch GET 200 https://registry.npmjs.org/commander/-/commander-13.1.0.tgz 119ms (cache miss)
374 http fetch POST 200 https://registry.npmjs.org/-/npm/v1/security/advisories/bulk 260ms
375 silly audit report {}
376 http fetch GET 200 https://registry.npmjs.org/@iconify-json/lucide/-/lucide-1.2.106.tgz 393ms (cache miss)
377 silly ADD node_modules/@iconify-json/lucide
378 silly ADD node_modules/fsevents
379 silly ADD
380 silly ADD
381 silly ADD
382 silly ADD
383 silly ADD
384 silly ADD
385 silly ADD
386 silly ADD
387 silly ADD
388 silly ADD
389 silly ADD
390 silly ADD
391 silly ADD
392 silly ADD
393 silly ADD
394 silly ADD
395 silly ADD
396 silly ADD
397 silly ADD
398 silly ADD
399 silly ADD
400 silly ADD
401 silly ADD
402 silly ADD
403 silly ADD
404 silly ADD
405 silly ADD
406 silly ADD
407 silly ADD
408 silly ADD
409 silly ADD
410 silly ADD
411 silly ADD
412 silly ADD
413 silly ADD
414 silly ADD
415 silly ADD
416 silly ADD
417 silly ADD
418 silly ADD
419 silly ADD
420 silly ADD
421 silly ADD
422 silly ADD
423 silly ADD
424 silly ADD
425 silly ADD
426 silly ADD
427 silly ADD
428 silly ADD
429 silly ADD
430 silly ADD
431 silly ADD
432 silly ADD
433 silly ADD
434 silly ADD
435 silly ADD
436 silly ADD
437 silly ADD
438 silly ADD
439 silly ADD
440 silly ADD
441 silly ADD
442 silly ADD
443 silly ADD
444 silly ADD
445 silly ADD
446 silly ADD
447 silly ADD
448 silly ADD
449 silly ADD
450 silly ADD
451 silly ADD
452 silly ADD
453 silly ADD
454 silly ADD
455 silly ADD
456 silly ADD
457 silly ADD
458 silly ADD
459 silly ADD
460 silly ADD
461 silly ADD
462 silly ADD
463 silly ADD
464 silly ADD
465 silly ADD
466 silly ADD
467 silly ADD
468 silly ADD
469 silly ADD
470 silly ADD
471 silly ADD
472 silly ADD
473 silly ADD
474 silly ADD
475 silly ADD
476 silly ADD
477 silly ADD
478 silly ADD
479 silly ADD
480 silly ADD
481 silly ADD
482 silly ADD
483 silly ADD
484 silly ADD
485 silly ADD
486 silly ADD
487 silly ADD
488 silly ADD
489 silly ADD
490 silly ADD
491 silly ADD
492 silly ADD
493 silly ADD
494 silly ADD
495 silly ADD
496 silly ADD
497 silly ADD
498 silly ADD
499 silly ADD
500 silly ADD
501 silly ADD
502 silly ADD
503 silly ADD
504 silly ADD
505 silly ADD
506 silly ADD
507 silly ADD
508 silly ADD
509 silly ADD
510 silly ADD
511 silly ADD
512 silly ADD
513 silly ADD
514 silly ADD
515 silly ADD
516 silly ADD
517 silly ADD
518 silly ADD
519 silly ADD
520 silly ADD
521 silly ADD
522 silly ADD node_modules/svgo/node_modules/commander
523 silly ADD
524 silly ADD
525 silly ADD
526 silly ADD
527 silly ADD
528 silly ADD
529 silly ADD
530 silly ADD
531 silly ADD
532 silly ADD
533 silly ADD
534 silly ADD
535 silly ADD
536 silly ADD
537 silly ADD
538 silly ADD
539 silly ADD
540 silly ADD
541 silly ADD
542 silly ADD
543 silly ADD
544 silly ADD
545 silly ADD
546 silly ADD
547 silly ADD
548 silly CHANGE node_modules/commander
549 verbose cwd /Users/franccescobuscicchio/Desktop/rituali-creativi-nuxt
550 verbose os Darwin 23.4.0
551 verbose node v22.14.0
552 verbose npm  v10.9.2
553 verbose exit 0
554 info ok
